Component: ARM Compiler 5.05 update 1 (build 106) Tool: armlink [4d0efa]

==============================================================================

Section Cross References

    main.o(.text) refers to system_stm32f10x.o(.text) for SystemInit
    main.o(.text) refers to delay.o(.text) for delay_init
    main.o(.text) refers to misc.o(.text) for NVIC_PriorityGroupConfig
    main.o(.text) refers to uart.o(.text) for uartInit
    main.o(.text) refers to ioi2c.o(.text) for IIC_Init
    main.o(.text) refers to mpu6050.o(.text) for MPU6050_initialize
    system_stm32f10x.o(.text) refers to system_stm32f10x.o(.data) for SystemCoreClock
    delay.o(.text) refers to misc.o(.text) for SysTick_CLKSourceConfig
    delay.o(.text) refers to delay.o(.data) for fac_us
    uart.o(.text) refers to stm32f10x_usart.o(.text) for USART_SendData
    uart.o(.text) refers to misc.o(.text) for NVIC_Init
    uart.o(.text) refers to stm32f10x_rcc.o(.text) for RCC_APB2PeriphClockCmd
    uart.o(.text) refers to stm32f10x_gpio.o(.text) for GPIO_Init
    uart.o(.text) refers to rt_memcpy_v6.o(.text) for __aeabi_memcpy
    uart.o(.text) refers to uart.o(.data) for isGotFrameHeader
    uart.o(.text) refers to uart.o(.bss) for UART_RX_BUF
    uart.o(.text) refers to lobotservocontroller.o(.bss) for LobotRxBuf
    sys.o(.text) refers to sys.o(.emb_text) for WFI_SET
    startup_stm32f10x_hd.o(RESET) refers to startup_stm32f10x_hd.o(STACK) for __initial_sp
    startup_stm32f10x_hd.o(RESET) refers to startup_stm32f10x_hd.o(.text) for Reset_Handler
    startup_stm32f10x_hd.o(RESET) refers to stm32f10x_it.o(.text) for NMI_Handler
    startup_stm32f10x_hd.o(RESET) refers to uart.o(.text) for USART1_IRQHandler
    startup_stm32f10x_hd.o(.text) refers to system_stm32f10x.o(.text) for SystemInit
    startup_stm32f10x_hd.o(.text) refers to __main.o(!!!main) for __main
    stm32f10x_adc.o(.text) refers to stm32f10x_rcc.o(.text) for RCC_APB2PeriphResetCmd
    stm32f10x_bkp.o(.text) refers to stm32f10x_rcc.o(.text) for RCC_BackupResetCmd
    stm32f10x_can.o(.text) refers to stm32f10x_rcc.o(.text) for RCC_APB1PeriphResetCmd
    stm32f10x_cec.o(.text) refers to stm32f10x_rcc.o(.text) for RCC_APB1PeriphResetCmd
    stm32f10x_dac.o(.text) refers to stm32f10x_rcc.o(.text) for RCC_APB1PeriphResetCmd
    stm32f10x_gpio.o(.text) refers to stm32f10x_rcc.o(.text) for RCC_APB2PeriphResetCmd
    stm32f10x_i2c.o(.text) refers to stm32f10x_rcc.o(.text) for RCC_APB1PeriphResetCmd
    stm32f10x_pwr.o(.text) refers to stm32f10x_rcc.o(.text) for RCC_APB1PeriphResetCmd
    stm32f10x_rcc.o(.text) refers to stm32f10x_rcc.o(.data) for APBAHBPrescTable
    stm32f10x_spi.o(.text) refers to stm32f10x_rcc.o(.text) for RCC_APB2PeriphResetCmd
    stm32f10x_tim.o(.text) refers to stm32f10x_rcc.o(.text) for RCC_APB2PeriphResetCmd
    stm32f10x_usart.o(.text) refers to stm32f10x_rcc.o(.text) for RCC_APB2PeriphResetCmd
    stm32f10x_wwdg.o(.text) refers to stm32f10x_rcc.o(.text) for RCC_APB1PeriphResetCmd
    lobotservocontroller.o(.text) refers to uart.o(.text) for uartWriteBuf
    lobotservocontroller.o(.text) refers to lobotservocontroller.o(.bss) for LobotTxBuf
    lobotservocontroller.o(.text) refers to uart.o(.data) for isUartRxCompleted
    lobotservocontroller.o(.text) refers to lobotservocontroller.o(.data) for batteryVolt
    ioi2c.o(.text) refers to delay.o(.text) for delay_us
    timer.o(.text) refers to sys.o(.text) for MY_NVIC_Init
    inv_mpu.o(.text) refers to _printf_percent.o(.ARM.Collect$$_printf_percent$$00000000) for _printf_percent
    inv_mpu.o(.text) refers to _printf_d.o(.ARM.Collect$$_printf_percent$$00000009) for _printf_d
    inv_mpu.o(.text) refers to _printf_dec.o(.text) for _printf_int_dec
    inv_mpu.o(.text) refers to ioi2c.o(.text) for i2cWrite
    inv_mpu.o(.text) refers to delay.o(.text) for delay_ms
    inv_mpu.o(.text) refers to inv_mpu.o(.data) for st
    inv_mpu.o(.text) refers to noretval__2printf.o(.text) for __2printf
    inv_mpu.o(.text) refers to fflt_clz.o(x$fpl$ffltu) for __aeabi_ui2f
    inv_mpu.o(.text) refers to fflt_clz.o(x$fpl$fflt) for __aeabi_i2f
    inv_mpu.o(.text) refers to faddsub_clz.o(x$fpl$fsub) for __aeabi_fsub
    inv_mpu.o(.text) refers to fdiv.o(x$fpl$fdiv) for __aeabi_fdiv
    inv_mpu.o(.text) refers to faddsub_clz.o(x$fpl$fadd) for __aeabi_fadd
    inv_mpu.o(.text) refers to fmul.o(x$fpl$fmul) for __aeabi_fmul
    inv_mpu.o(.text) refers to ffix.o(x$fpl$ffix) for __aeabi_f2iz
    inv_mpu.o(.text) refers to inv_mpu.o(.conststring) for .conststring
    inv_mpu.o(.text) refers to feqf.o(x$fpl$feqf) for __aeabi_cfcmpeq
    inv_mpu.o(.text) refers to frleqf.o(x$fpl$frleqf) for __aeabi_cfrcmple
    inv_mpu.o(.text) refers to fleqf.o(x$fpl$fleqf) for __aeabi_cfcmple
    inv_mpu.o(.text) refers to inv_mpu.o(.constdata) for test
    inv_mpu.o(.text) refers to llsdiv.o(.text) for __aeabi_ldivmod
    inv_mpu.o(.text) refers to memcmp.o(.text) for memcmp
    inv_mpu.o(.data) refers to inv_mpu.o(.constdata) for reg
[...]
    ../fplib/ddiv.s                          0x00000000   Number         0  ddiv.o ABSOLUTE
    ../fplib/dleqf.s                         0x00000000   Number         0  dleqf.o ABSOLUTE
    ../fplib/dmul.s                          0x00000000   Number         0  dmul.o ABSOLUTE
    ../fplib/dnaninf.s                       0x00000000   Number         0  dnaninf.o ABSOLUTE
    ../fplib/dretinf.s                       0x00000000   Number         0  dretinf.o ABSOLUTE
    ../fplib/dsqrt.s                         0x00000000   Number         0  dsqrt_noumaal.o ABSOLUTE
    ../fplib/f2d.s                           0x00000000   Number         0  f2d.o ABSOLUTE
    ../fplib/faddsub.s                       0x00000000   Number         0  faddsub_clz.o ABSOLUTE
    ../fplib/fcmpi.s                         0x00000000   Number         0  fcmpi.o ABSOLUTE
    ../fplib/fdiv.s                          0x00000000   Number         0  fdiv.o ABSOLUTE
    ../fplib/feqf.s                          0x00000000   Number         0  feqf.o ABSOLUTE
    ../fplib/ffix.s                          0x00000000   Number         0  ffix.o ABSOLUTE
    ../fplib/ffixu.s                         0x00000000   Number         0  ffixu.o ABSOLUTE
    ../fplib/fflt.s                          0x00000000   Number         0  fflt_clz.o ABSOLUTE
    ../fplib/fleqf.s                         0x00000000   Number         0  fleqf.o ABSOLUTE
    ../fplib/fmul.s                          0x00000000   Number         0  fmul.o ABSOLUTE
    ../fplib/fnaninf.s                       0x00000000   Number         0  fnaninf.o ABSOLUTE
    ../fplib/fpinit.s                        0x00000000   Number         0  fpinit.o ABSOLUTE
    ../fplib/fretinf.s                       0x00000000   Number         0  fretinf.o ABSOLUTE
    ../fplib/frleqf.s                        0x00000000   Number         0  frleqf.o ABSOLUTE
    ../fplib/retnan.s                        0x00000000   Number         0  retnan.o ABSOLUTE
    ../fplib/scalbn.s                        0x00000000   Number         0  scalbn.o ABSOLUTE
    ../fplib/trapv.s                         0x00000000   Number         0  trapv.o ABSOLUTE
    ../fplib/usenofp.s                       0x00000000   Number         0  usenofp.o ABSOLUTE
    ../mathlib/asin.c                        0x00000000   Number         0  asin.o ABSOLUTE
    ../mathlib/asin.c                        0x00000000   Number         0  asin_x.o ABSOLUTE
    ../mathlib/atan.c                        0x00000000   Number         0  atan.o ABSOLUTE
    ../mathlib/atan.c                        0x00000000   Number         0  atan_x.o ABSOLUTE
    ../mathlib/atan2.c                       0x00000000   Number         0  atan2.o ABSOLUTE
    ../mathlib/atan2.c                       0x00000000   Number         0  atan2_x.o ABSOLUTE
    ../mathlib/dunder.c                      0x00000000   Number         0  dunder.o ABSOLUTE
    ../mathlib/fpclassify.c                  0x00000000   Number         0  fpclassify.o ABSOLUTE
    ../mathlib/poly.c                        0x00000000   Number         0  poly.o ABSOLUTE
    ../mathlib/qnan.c                        0x00000000   Number         0  qnan.o ABSOLUTE
    ../mathlib/sqrt.c                        0x00000000   Number         0  sqrt_x.o ABSOLUTE
    ../mathlib/sqrt.c                        0x00000000   Number         0  sqrt.o ABSOLUTE
    ..\BALANCE\DMP\inv_mpu.c                 0x00000000   Number         0  inv_mpu.o ABSOLUTE
    ..\BALANCE\DMP\inv_mpu_dmp_motion_driver.c 0x00000000   Number         0  inv_mpu_dmp_motion_driver.o ABSOLUTE
    ..\BALANCE\MPU6050\MPU6050.c             0x00000000   Number         0  mpu6050.o ABSOLUTE
    ..\BALANCE\filter\filter.c               0x00000000   Number         0  filter.o ABSOLUTE
    ..\CORE\core_cm3.c                       0x00000000   Number         0  core_cm3.o ABSOLUTE
    ..\CORE\startup_stm32f10x_hd.s           0x00000000   Number         0  startup_stm32f10x_hd.o ABSOLUTE
    ..\HARDWARE\IIC\IOI2C.c                  0x00000000   Number         0  ioi2c.o ABSOLUTE
    ..\HARDWARE\TIMER\timer.c                0x00000000   Number         0  timer.o ABSOLUTE
    ..\LobotServoController\LobotServoController.c 0x00000000   Number         0  lobotservocontroller.o ABSOLUTE
    ..\STM32F10x_FWLib\src\misc.c            0x00000000   Number         0  misc.o ABSOLUTE
    ..\STM32F10x_FWLib\src\stm32f10x_adc.c   0x00000000   Number         0  stm32f10x_adc.o ABSOLUTE
    ..\STM32F10x_FWLib\src\stm32f10x_bkp.c   0x00000000   Number         0  stm32f10x_bkp.o ABSOLUTE
    ..\STM32F10x_FWLib\src\stm32f10x_can.c   0x00000000   Number         0  stm32f10x_can.o ABSOLUTE
    ..\STM32F10x_FWLib\src\stm32f10x_cec.c   0x00000000   Number         0  stm32f10x_cec.o ABSOLUTE
    ..\STM32F10x_FWLib\src\stm32f10x_crc.c   0x00000000   Number         0  stm32f10x_crc.o ABSOLUTE
    ..\STM32F10x_FWLib\src\stm32f10x_dac.c   0x00000000   Number         0  stm32f10x_dac.o ABSOLUTE
    ..\STM32F10x_FWLib\src\stm32f10x_dbgmcu.c 0x00000000   Number         0  stm32f10x_dbgmcu.o ABSOLUTE
    ..\STM32F10x_FWLib\src\stm32f10x_dma.c   0x00000000   Number         0  stm32f10x_dma.o ABSOLUTE
    ..\STM32F10x_FWLib\src\stm32f10x_exti.c  0x00000000   Number         0  stm32f10x_exti.o ABSOLUTE
    ..\STM32F10x_FWLib\src\stm32f10x_flash.c 0x00000000   Number         0  stm32f10x_flash.o ABSOLUTE
    ..\STM32F10x_FWLib\src\stm32f10x_fsmc.c  0x00000000   Number         0  stm32f10x_fsmc.o ABSOLUTE
    ..\STM32F10x_FWLib\src\stm32f10x_gpio.c  0x00000000   Number         0  stm32f10x_gpio.o ABSOLUTE
    ..\STM32F10x_FWLib\src\stm32f10x_i2c.c   0x00000000   Number         0  stm32f10x_i2c.o ABSOLUTE
    ..\STM32F10x_FWLib\src\stm32f10x_iwdg.c  0x00000000   Number         0  stm32f10x_iwdg.o ABSOLUTE
    ..\STM32F10x_FWLib\src\stm32f10x_pwr.c   0x00000000   Number         0  stm32f10x_pwr.o ABSOLUTE
    ..\STM32F10x_FWLib\src\stm32f10x_rcc.c   0x00000000   Number         0  stm32f10x_rcc.o ABSOLUTE
    ..\STM32F10x_FWLib\src\stm32f10x_rtc.c   0x00000000   Number         0  stm32f10x_rtc.o ABSOLUTE
    ..\STM32F10x_FWLib\src\stm32f10x_sdio.c  0x00000000   Number         0  stm32f10x_sdio.o ABSOLUTE
    ..\STM32F10x_FWLib\src\stm32f10x_spi.c   0x00000000   Number         0  stm32f10x_spi.o ABSOLUTE
    ..\STM32F10x_FWLib\src\stm32f10x_tim.c   0x00000000   Number         0  stm32f10x_tim.o ABSOLUTE
    ..\STM32F10x_FWLib\src\stm32f10x_usart.c 0x00000000   Number         0  stm32f10x_usart.o ABSOLUTE
    ..\STM32F10x_FWLib\src\stm32f10x_wwdg.c  0x00000000   Number         0  stm32f10x_wwdg.o ABSOLUTE
    ..\SYSTEM\delay\delay.c                  0x00000000   Number         0  delay.o ABSOLUTE
    ..\SYSTEM\sys\sys.c                      0x00000000   Number         0  sys.o ABSOLUTE
    ..\SYSTEM\uart\uart.c                    0x00000000   Number         0  uart.o ABSOLUTE
    ..\USER\main.c                           0x00000000   Number         0  main.o ABSOLUTE
    ..\USER\stm32f10x_it.c                   0x00000000   Number         0  stm32f10x_it.o ABSOLUTE
    ..\USER\system_stm32f10x.c               0x00000000   Number         0  system_stm32f10x.o ABSOLUTE
    ..\\CORE\\core_cm3.c                     0x00000000   Number         0  core_cm3.o ABSOLUTE
    ..\\SYSTEM\\sys\\sys.c                   0x00000000   Number         0  sys.o ABSOLUTE
    dc.s                                     0x00000000   Number         0  dc.o ABSOLUTE
    !!!main                                  0x08000000   Section        8  __main.o(!!!main)
    !!!scatter                               0x08000008   Section       52  __scatter.o(!!!scatter)
    !!handler_copy                           0x0800003c   Section       26  __scatter_copy.o(!!handler_copy)
    !!handler_zi                             0x08000058   Section       28  __scatter_zi.o(!!handler_zi)
    .ARM.Collect$$_printf_percent$$00000000  0x08000074   Section        0  _printf_percent.o(.ARM.Collect$$_printf_percent$$00000000)
    .ARM.Collect$$_printf_percent$$00000009  0x08000074   Section        6  _printf_d.o(.ARM.Collect$$_printf_percent$$00000009)
    .ARM.Collect$$_printf_percent$$00000017  0x0800007a   Section        4  _printf_percent_end.o(.ARM.Collect$$_printf_percent$$00000017)
    .ARM.Collect$$libinit$$00000000          0x0800007e   Section        2  libinit.o(.ARM.Collect$$libinit$$00000000)
    .ARM.Collect$$libinit$$00000002          0x08000080   Section        0  libinit2.o(.ARM.Collect$$libinit$$00000002)
    .ARM.Collect$$libinit$$00000004          0x08000080   Section        0  libinit2.o(.ARM.Collect$$libinit$$00000004)
    .ARM.Collect$$libinit$$00000006          0x08000080   Section        8  libinit3.o(.ARM.Collect$$libinit$$00000006)
    .ARM.Collect$$libinit$$0000000A          0x08000088   Section        0  libinit2.o(.ARM.Collect$$libinit$$0000000A)
    .ARM.Collect$$libinit$$0000000C          0x08000088   Section        0  libinit2.o(.ARM.Collect$$libinit$$0000000C)
    .ARM.Collect$$libinit$$0000000E          0x08000088   Section        0  libinit2.o(.ARM.Collect$$libinit$$0000000E)
    .ARM.Collect$$libinit$$00000011          0x08000088   Section        0  libinit2.o(.ARM.Collect$$libinit$$00000011)
    .ARM.Collect$$libinit$$00000013          0x08000088   Section        0  libinit2.o(.ARM.Collect$$libinit$$00000013)
    .ARM.Collect$$libinit$$00000015          0x08000088   Section        0  libinit2.o(.ARM.Collect$$libinit$$00000015)
    .ARM.Collect$$libinit$$00000017          0x08000088   Section        0  libinit2.o(.ARM.Collect$$libinit$$00000017)
    .ARM.Collect$$libinit$$00000019          0x08000088   Section        0  libinit2.o(.ARM.Collect$$libinit$$00000019)
    .ARM.Collect$$libinit$$0000001B          0x08000088   Section        0  libinit2.o(.ARM.Collect$$libinit$$0000001B)
    .ARM.Collect$$libinit$$0000001D          0x08000088   Section        0  libinit2.o(.ARM.Collect$$libinit$$0000001D)
    .ARM.Collect$$libinit$$0000001F          0x08000088   Section        0  libinit2.o(.ARM.Collect$$libinit$$0000001F)
    .ARM.Collect$$libinit$$00000021          0x08000088   Section        0  libinit2.o(.ARM.Collect$$libinit$$00000021)
    .ARM.Collect$$libinit$$00000023          0x08000088   Section        0  libinit2.o(.ARM.Collect$$libinit$$00000023)
    .ARM.Collect$$libinit$$00000024          0x08000088   Section        4  libinit2.o(.ARM.Collect$$libinit$$00000024)
    .ARM.Collect$$libinit$$00000025          0x0800008c   Section        0  libinit2.o(.ARM.Collect$$libinit$$00000025)
    .ARM.Collect$$libinit$$0000002C          0x0800008c   Section        0  libinit2.o(.ARM.Collect$$libinit$$0000002C)
    .ARM.Collect$$libinit$$0000002E          0x0800008c   Section        0  libinit2.o(.ARM.Collect$$libinit$$0000002E)
    .ARM.Collect$$libinit$$00000030          0x0800008c   Section        0  libinit2.o(.ARM.Collect$$libinit$$00000030)
    .ARM.Collect$$libinit$$00000032          0x0800008c   Section        0  libinit2.o(.ARM.Collect$$libinit$$00000032)
    .ARM.Collect$$libinit$$00000033          0x0800008c   Section        2  libinit2.o(.ARM.Collect$$libinit$$00000033)
    .ARM.Collect$$libinit$$00002717          0x08000090   Section        8  libinit3.o(.ARM.Collect$$libinit$$00002717)
    __lit__00000000                          0x08000090   Data           4  libinit3.o(.ARM.Collect$$libinit$$00002717)
    __lit__00000001                          0x08000094   Data           4  libinit3.o(.ARM.Collect$$libinit$$00002717)
    .ARM.Collect$$libshutdown$$00000000      0x08000098   Section        2  libshutdown.o(.ARM.Collect$$libshutdown$$00000000)
    .ARM.Collect$$libshutdown$$00000002      0x0800009a   Section        4  libshutdown2.o(.ARM.Collect$$libshutdown$$00000002)
    .ARM.Collect$$libshutdown$$00000003      0x0800009e   Section        0  libshutdown2.o(.ARM.Collect$$libshutdown$$00000003)
    .ARM.Collect$$libshutdown$$00000006      0x0800009e   Section        0  libshutdown2.o(.ARM.Collect$$libshutdown$$00000006)
    .ARM.Collect$$libshutdown$$00000009      0x0800009e   Section        0  libshutdown2.o(.ARM.Collect$$libshutdown$$00000009)
    .ARM.Collect$$libshutdown$$0000000B      0x0800009e   Section        0  libshutdown2.o(.ARM.Collect$$libshutdown$$0000000B)
    .ARM.Collect$$libshutdown$$0000000E      0x0800009e   Section        0  libshutdown2.o(.ARM.Collect$$libshutdown$$0000000E)
    .ARM.Collect$$libshutdown$$0000000F      0x0800009e   Section        2  libshutdown2.o(.ARM.Collect$$libshutdown$$0000000F)
    .ARM.Collect$$rtentry$$00000000          0x080000a0   Section        0  __rtentry.o(.ARM.Collect$$rtentry$$00000000)
    .ARM.Collect$$rtentry$$00000002          0x080000a0   Section        0  __rtentry2.o(.ARM.Collect$$rtentry$$00000002)
    .ARM.Collect$$rtentry$$00000005          0x080000a0   Section        4  __rtentry5.o(.ARM.Collect$$rtentry$$00000005)
    .ARM.Collect$$rtentry$$00000009          0x080000a4   Section        0  __rtentry2.o(.ARM.Collect$$rtentry$$00000009)
    .ARM.Collect$$rtentry$$0000000A          0x080000a4   Section        4  __rtentry2.o(.ARM.Collect$$rtentry$$0000000A)
    .ARM.Collect$$rtentry$$0000000C          0x080000a8   Section        0  __rtentry2.o(.ARM.Collect$$rtentry$$0000000C)
    .ARM.Collect$$rtentry$$0000000D          0x080000a8   Section        8  __rtentry2.o(.ARM.Collect$$rtentry$$0000000D)
    .ARM.Collect$$rtentry$$00002716          0x080000b0   Section        4  __rtentry5.o(.ARM.Collect$$rtentry$$00002716)
    __lit__00000000                          0x080000b0   Data           4  __rtentry5.o(.ARM.Collect$$rtentry$$00002716)
    .ARM.Collect$$rtexit$$00000000           0x080000b4   Section        2  rtexit.o(.ARM.Collect$$rtexit$$00000000)
    .ARM.Collect$$rtexit$$00000002           0x080000b6   Section        0  rtexit2.o(.ARM.Collect$$rtexit$$00000002)
    .ARM.Collect$$rtexit$$00000003           0x080000b6   Section        4  rtexit2.o(.ARM.Collect$$rtexit$$00000003)
    .ARM.Collect$$rtexit$$00000004           0x080000ba   Section        6  rtexit2.o(.ARM.Collect$$rtexit$$00000004)
    .emb_text                                0x080000c0   Section        0  maybetermalloc1.o(.emb_text)
    .text                                    0x080000c0   Section        0  main.o(.text)
    .text                                    0x080000f4   Section        0  system_stm32f10x.o(.text)
    SetSysClockTo72                          0x080000f5   Thumb Code   214  system_stm32f10x.o(.text)
    SetSysClock                              0x080001cb   Thumb Code     8  system_stm32f10x.o(.text)
    .text                                    0x080002d4   Section        0  delay.o(.text)
    .text                                    0x08000380   Section        0  uart.o(.text)
    .text                                    0x0800058c   Section        0  misc.o(.text)
    .text                                    0x08000668   Section        0  stm32f10x_gpio.o(.text)
    .text                                    0x080009c4   Section        0  stm32f10x_rcc.o(.text)
    .text                                    0x08000d68   Section        0  stm32f10x_usart.o(.text)
    .text                                    0x08001170   Section        0  ioi2c.o(.text)
    .text                                    0x0800167c   Section        0  inv_mpu.o(.text)
    set_int_enable                           0x0800167d   Thumb Code   138  inv_mpu.o(.text)
    get_accel_prod_shift                     0x080028c5   Thumb Code   168  inv_mpu.o(.text)
    accel_self_test                          0x0800296d   Thumb Code   164  inv_mpu.o(.text)
    gyro_self_test                           0x08002a11   Thumb Code   280  inv_mpu.o(.text)
    get_st_biases                            0x08002b29   Thumb Code  1136  inv_mpu.o(.text)
    .text                                    0x0800350c   Section        0  inv_mpu_dmp_motion_driver.o(.text)
    decode_gesture                           0x08003fc1   Thumb Code    94  inv_mpu_dmp_motion_driver.o(.text)
    .text                                    0x0800427c   Section        0  mpu6050.o(.text)
    inv_row_2_scale                          0x0800427d   Thumb Code    78  mpu6050.o(.text)
    inv_orientation_matrix_to_scalar         0x080042cb   Thumb Code    40  mpu6050.o(.text)
    run_self_test                            0x080042f3   Thumb Code   150  mpu6050.o(.text)
    .text                                    0x08004b5c   Section       72  llsdiv.o(.text)
    .text                                    0x08004ba4   Section        0  noretval__2printf.o(.text)
    .text                                    0x08004bbc   Section        0  __printf.o(.text)
    .text                                    0x08004c24   Section        0  _printf_dec.o(.text)
    .text                                    0x08004c9c   Section        0  memcmp.o(.text)
    .text                                    0x08004cf4   Section      138  rt_memcpy_v6.o(.text)
    .text                                    0x08004d7e   Section       16  aeabi_memset.o(.text)
    .text                                    0x08004d8e   Section      238  lludivv7m.o(.text)
    .text                                    0x08004e7c   Section        0  _rserrno.o(.text)
    .text                                    0x08004e92   Section        0  _printf_intcommon.o(.text)
    .text                                    0x08004f44   Section        0  _printf_char_file.o(.text)
    .text                                    0x08004f68   Section      100  rt_memcpy_w.o(.text)
    .text                                    0x08004fcc   Section       68  rt_memclr.o(.text)
    .text                                    0x08005010   Section        8  rt_errno_addr_intlibspace.o(.text)
    .text                                    0x08005018   Section        0  _printf_char_common.o(.text)
    _printf_input_char                       0x08005019   Thumb Code    10  _printf_char_common.o(.text)
    .text                                    0x08005048   Section        0  ferror.o(.text)
    .text                                    0x08005050   Section        0  initio.o(.text)
    .text                                    0x08005188   Section       78  rt_memclr_w.o(.text)
    .text                                    0x080051d6   Section        0  sys_io.o(.text)
    .text                                    0x0800523c   Section        0  h1_free.o(.text)
    .text                                    0x0800528a   Section        0  setvbuf.o(.text)
    .text                                    0x080052d0   Section        0  fopen.o(.text)
    _freopen_locked                          0x080052d1   Thumb Code     0  fopen.o(.text)
    .text                                    0x080053bc   Section        0  fclose.o(.text)
    .text                                    0x08005408   Section        0  exit.o(.text)
    .text                                    0x08005414   Section        0  defsig_rtred_outer.o(.text)
    .text                                    0x08005422   Section        2  use_no_semi.o(.text)
    .text                                    0x08005424   Section        8  rt_heap_descriptor_intlibspace.o(.text)
    .text                                    0x08005424   Section        0  indicate_semi.o(.text)
    .text                                    0x0800542c   Section        0  hguard.o(.text)
    .text                                    0x08005430   Section        0  init_alloc.o(.text)
    .text                                    0x080054ba   Section        0  h1_alloc.o(.text)
    .text                                    0x08005518   Section        0  fseek.o(.text)
    .text                                    0x08005610   Section        0  stdio.o(.text)
    .text                                    0x08005700   Section        0  defsig_exit.o(.text)
    .text                                    0x0800570c   Section        0  defsig_rtred_inner.o(.text)
    .text                                    0x08005740   Section        0  strlen.o(.text)
    .text                                    0x08005780   Section        0  sys_exit.o(.text)
    .text                                    0x0800578c   Section        0  h1_init.o(.text)
    .text                                    0x0800579a   Section        0  h1_extend.o(.text)
    .text                                    0x080057ce   Section        0  ftell.o(.text)
    .text                                    0x08005810   Section        0  defsig_general.o(.text)
    .text                                    0x08005842   Section        0  defsig_rtmem_outer.o(.text)
    .text                                    0x08005850   Section        0  heapauxa.o(.text)
    .text                                    0x080058a0   Section        0  sys_wrch.o(.text)
    .text                                    0x080058b0   Section        0  defsig_rtmem_inner.o(.text)
    i.__ARM_fpclassify                       0x08005900   Section        0  fpclassify.o(i.__ARM_fpclassify)
    i.__kernel_poly                          0x08005928   Section        0  poly.o(i.__kernel_poly)
    i.__mathlib_dbl_infnan                   0x080059d2   Section        0  dunder.o(i.__mathlib_dbl_infnan)
    i.__mathlib_dbl_infnan2                  0x080059d8   Section        0  dunder.o(i.__mathlib_dbl_infnan2)
    i.__mathlib_dbl_invalid                  0x080059dc   Section        0  dunder.o(i.__mathlib_dbl_invalid)
    i.__mathlib_dbl_underflow                0x080059e8   Section        0  dunder.o(i.__mathlib_dbl_underflow)
    i.asin                                   0x080059f8   Section        0  asin.o(i.asin)
    i.atan                                   0x08005c68   Section        0  atan.o(i.atan)
    i.atan2                                  0x08005e88   Section        0  atan2.o(i.atan2)
    i.sqrt                                   0x08006008   Section        0  sqrt.o(i.sqrt)
    x$fpl$d2f                                0x08006054   Section       98  d2f.o(x$fpl$d2f)
    x$fpl$dadd                               0x080060b8   Section      336  daddsub_clz.o(x$fpl$dadd)
    _dadd1                                   0x080060c9   Thumb Code     0  daddsub_clz.o(x$fpl$dadd)
    x$fpl$dcheck1                            0x08006208   Section       16  dcheck1.o(x$fpl$dcheck1)
    x$fpl$ddiv                               0x08006218   Section      688  ddiv.o(x$fpl$ddiv)
    ddiv_entry                               0x0800621f   Thumb Code     0  ddiv.o(x$fpl$ddiv)
    x$fpl$dmul                               0x080064c8   Section      340  dmul.o(x$fpl$dmul)
    x$fpl$dnaninf                            0x0800661c   Section      156  dnaninf.o(x$fpl$dnaninf)
    x$fpl$dretinf                            0x080066b8   Section       12  dretinf.o(x$fpl$dretinf)
    x$fpl$drsb                               0x080066c4   Section       22  daddsub_clz.o(x$fpl$drsb)
    x$fpl$dsqrt                              0x080066dc   Section      460  dsqrt_noumaal.o(x$fpl$dsqrt)
    x$fpl$dsub                               0x080068a8   Section      468  daddsub_clz.o(x$fpl$dsub)
    _dsub1                                   0x080068b9   Thumb Code     0  daddsub_clz.o(x$fpl$dsub)
    x$fpl$f2d                                0x08006a7c   Section       86  f2d.o(x$fpl$f2d)
    x$fpl$fadd                               0x08006ad4   Section      196  faddsub_clz.o(x$fpl$fadd)
    _fadd1                                   0x08006ae3   Thumb Code     0  faddsub_clz.o(x$fpl$fadd)
    x$fpl$fcmpinf                            0x08006b98   Section       24  fcmpi.o(x$fpl$fcmpinf)
    x$fpl$fdiv                               0x08006bb0   Section      388  fdiv.o(x$fpl$fdiv)
    _fdiv1                                   0x08006bb1   Thumb Code     0  fdiv.o(x$fpl$fdiv)
    x$fpl$feqf                               0x08006d34   Section      104  feqf.o(x$fpl$feqf)
    x$fpl$ffix                               0x08006d9c   Section       54  ffix.o(x$fpl$ffix)
    x$fpl$ffixu                              0x08006dd4   Section       62  ffixu.o(x$fpl$ffixu)
    x$fpl$fflt                               0x08006e14   Section       48  fflt_clz.o(x$fpl$fflt)
    x$fpl$ffltu                              0x08006e44   Section       38  fflt_clz.o(x$fpl$ffltu)
    x$fpl$fleqf                              0x08006e6c   Section      104  fleqf.o(x$fpl$fleqf)
    x$fpl$fmul                               0x08006ed4   Section      258  fmul.o(x$fpl$fmul)
    x$fpl$fnaninf                            0x08006fd6   Section      140  fnaninf.o(x$fpl$fnaninf)
    x$fpl$fretinf                            0x08007062   Section       10  fretinf.o(x$fpl$fretinf)
    x$fpl$frleqf                             0x0800706c   Section       98  frleqf.o(x$fpl$frleqf)
    x$fpl$fsub                               0x080070d0   Section      234  faddsub_clz.o(x$fpl$fsub)
    _fsub1                                   0x080070df   Thumb Code     0  faddsub_clz.o(x$fpl$fsub)
    x$fpl$retnan                             0x080071ba   Section      100  retnan.o(x$fpl$retnan)
    x$fpl$scalbn                             0x0800721e   Section       92  scalbn.o(x$fpl$scalbn)
    x$fpl$trapveneer                         0x0800727a   Section       48  trapv.o(x$fpl$trapveneer)
    x$fpl$usenofp                            0x080072aa   Section        0  usenofp.o(x$fpl$usenofp)
    .constdata                               0x080072ac   Section       80  inv_mpu.o(.constdata)
    .constdata                               0x080072fc   Section     3062  inv_mpu_dmp_motion_driver.o(.constdata)
    dmp_memory                               0x080072fc   Data        3062  inv_mpu_dmp_motion_driver.o(.constdata)
    .constdata                               0x08007ef8   Section       80  asin.o(.constdata)
    pS                                       0x08007ef8   Data          48  asin.o(.constdata)
    qS                                       0x08007f28   Data          32  asin.o(.constdata)
    .constdata                               0x08007f48   Section      152  atan.o(.constdata)
    atanhi                                   0x08007f48   Data          32  atan.o(.constdata)
    atanlo                                   0x08007f68   Data          32  atan.o(.constdata)
    aTodd                                    0x08007f88   Data          40  atan.o(.constdata)
    aTeven                                   0x08007fb0   Data          48  atan.o(.constdata)
    .constdata                               0x08007fe0   Section        8  qnan.o(.constdata)
    .constdata                               0x08007fe8   Section        4  sys_io.o(.constdata)
    .constdata                               0x08007fec   Section        4  sys_io.o(.constdata)
    .constdata                               0x08007ff0   Section        4  sys_io.o(.constdata)
    .conststring                             0x08007ff4   Section       78  inv_mpu.o(.conststring)
    .data                                    0x20000000   Section       20  system_stm32f10x.o(.data)
    .data                                    0x20000014   Section        4  delay.o(.data)
    fac_us                                   0x20000014   Data           1  delay.o(.data)
    fac_ms                                   0x20000016   Data           2  delay.o(.data)
    .data                                    0x20000018   Section        5  uart.o(.data)
    isGotFrameHeader                         0x20000019   Data           1  uart.o(.data)
    frameHeaderCount                         0x2000001a   Data           1  uart.o(.data)
    dataLength                               0x2000001b   Data           1  uart.o(.data)
    dataCount                                0x2000001c   Data           1  uart.o(.data)
    .data                                    0x2000001d   Section       20  stm32f10x_rcc.o(.data)
    APBAHBPrescTable                         0x2000001d   Data          16  stm32f10x_rcc.o(.data)
    ADCPrescTable                            0x2000002d   Data           4  stm32f10x_rcc.o(.data)
    .data                                    0x20000034   Section       44  inv_mpu.o(.data)
    st                                       0x20000034   Data          44  inv_mpu.o(.data)
    .data                                    0x20000060   Section       60  mpu6050.o(.data)
    gyro_orientation                         0x2000008c   Data           9  mpu6050.o(.data)
    .data                                    0x2000009c   Section        4  stdio_streams.o(.data)
    .data                                    0x200000a0   Section        4  stdio_streams.o(.data)
    .data                                    0x200000a4   Section        4  stdio_streams.o(.data)
    .data                                    0x200000a8   Section        4  heapauxa.o(.data)
    __rt_heap_escrow_base                    0x200000a8   Data           4  heapauxa.o(.data)
    .bss                                     0x200000ac   Section       16  uart.o(.bss)
    .bss                                     0x200000bc   Section      144  lobotservocontroller.o(.bss)
    .bss                                     0x2000014c   Section       16  inv_mpu_dmp_motion_driver.o(.bss)
    dmp                                      0x2000014c   Data          16  inv_mpu_dmp_motion_driver.o(.bss)
    .bss                                     0x2000015c   Section      146  mpu6050.o(.bss)
    .bss                                     0x200001f0   Section       84  stdio_streams.o(.bss)
    .bss                                     0x20000244   Section       84  stdio_streams.o(.bss)
    .bss                                     0x20000298   Section       84  stdio_streams.o(.bss)
    .bss                                     0x200002ec   Section       96  libspace.o(.bss)
    HEAP                                     0x20000350   Section      512  startup_stm32f10x_hd.o(HEAP)
    STACK                                    0x20000550   Section     1024  startup_stm32f10x_hd.o(STACK)

    Global Symbols

    Symbol Name                              Value     Ov Type        Size  Object(Section)

    BuildAttributes$$THM_ISAv4$P$D$K$B$S$PE$A:L22UL41UL21$X:L11$S22US41US21$IEEE1$IW$USESV6$~STKCKD$USESV7$~SHL$OTIME$ROPI$IEEEX$EBA8$UX$STANDARDLIB$REQ8$PRES8$EABIv2 0x00000000   Number         0  anon$$obj.o ABSOLUTE
    __ARM_use_no_argv                        0x00000000   Number         0  main.o ABSOLUTE
    __ARM_exceptions_init                     - Undefined Weak Reference
    __alloca_initialize                       - Undefined Weak Reference
    __arm_preinit_                            - Undefined Weak Reference
    __cpp_initialize__aeabi_                  - Undefined Weak Reference
    __cxa_finalize                            - Undefined Weak Reference
    __rt_locale                               - Undefined Weak Reference
    __sigvec_lookup                           - Undefined Weak Reference
    __user_heap_extent                        - Undefined Weak Reference
    _atexit_init                              - Undefined Weak Reference
    _call_atexit_fns                          - Undefined Weak Reference
    _clock_init                               - Undefined Weak Reference
    _fp_trap_init                             - Undefined Weak Reference
    _fp_trap_shutdown                         - Undefined Weak Reference
    _get_lc_collate                           - Undefined Weak Reference
    _get_lc_ctype                             - Undefined Weak Reference
    _get_lc_monetary                          - Undefined Weak Reference
    _get_lc_numeric                           - Undefined Weak Reference
    _get_lc_time                              - Undefined Weak Reference
    _getenv_init                              - Undefined Weak Reference
    _handle_redirection                       - Undefined Weak Reference
    _mutex_acquire                            - Undefined Weak Reference
    _mutex_free                               - Undefined Weak Reference
    _mutex_release                            - Undefined Weak Reference
    _printf_post_padding                      - Undefined Weak Reference
    _printf_pre_padding                       - Undefined Weak Reference
    _printf_truncate_signed                   - Undefined Weak Reference
    _printf_truncate_unsigned                 - Undefined Weak Reference
    _rand_init                                - Undefined Weak Reference
    _signal_finish                            - Undefined Weak Reference
    _signal_init                              - Undefined Weak Reference
    __Vectors_Size                           0x00000130   Number         0  startup_stm32f10x_hd.o ABSOLUTE
    __main                                   0x08000001   Thumb Code     8  __main.o(!!!main)
    __scatterload                            0x08000009   Thumb Code     0  __scatter.o(!!!scatter)
    __scatterload_rt2                        0x08000009   Thumb Code    44  __scatter.o(!!!scatter)
    __scatterload_rt2_thumb_only             0x08000009   Thumb Code     0  __scatter.o(!!!scatter)
    __scatterload_null                       0x08000017   Thumb Code     0  __scatter.o(!!!scatter)
    __scatterload_copy                       0x0800003d   Thumb Code    26  __scatter_copy.o(!!handler_copy)
    __scatterload_zeroinit                   0x08000059   Thumb Code    28  __scatter_zi.o(!!handler_zi)
    _printf_d                                0x08000075   Thumb Code     0  _printf_d.o(.ARM.Collect$$_printf_percent$$00000009)
    _printf_percent                          0x08000075   Thumb Code     0  _printf_percent.o(.ARM.Collect$$_printf_percent$$00000000)
    _printf_percent_end                      0x0800007b   Thumb Code     0  _printf_percent_end.o(.ARM.Collect$$_printf_percent$$00000017)
    __rt_lib_init                            0x0800007f   Thumb Code     0  libinit.o(.ARM.Collect$$libinit$$00000000)
    __rt_lib_init_fp_1                       0x08000081   Thumb Code     0  libinit2.o(.ARM.Collect$$libinit$$00000002)
    __rt_lib_init_heap_2                     0x08000081   Thumb Code     0  libinit3.o(.ARM.Collect$$libinit$$00000006)
    __rt_lib_init_preinit_1                  0x08000081   Thumb Code     0  libinit2.o(.ARM.Collect$$libinit$$00000004)
    __rt_lib_init_atexit_1                   0x08000089   Thumb Code     0  libinit2.o(.ARM.Collect$$libinit$$0000001B)
    __rt_lib_init_clock_1                    0x08000089   Thumb Code     0  libinit2.o(.ARM.Collect$$libinit$$00000021)
    __rt_lib_init_fp_trap_1                  0x08000089   Thumb Code     0  libinit2.o(.ARM.Collect$$libinit$$0000001F)
    __rt_lib_init_getenv_1                   0x08000089   Thumb Code     0  libinit2.o(.ARM.Collect$$libinit$$00000023)
    __rt_lib_init_heap_1                     0x08000089   Thumb Code     0  libinit2.o(.ARM.Collect$$libinit$$0000000A)
    __rt_lib_init_lc_collate_1               0x08000089   Thumb Code     0  libinit2.o(.ARM.Collect$$libinit$$00000011)
    __rt_lib_init_lc_ctype_1                 0x08000089   Thumb Code     0  libinit2.o(.ARM.Collect$$libinit$$00000013)
    __rt_lib_init_lc_monetary_1              0x08000089   Thumb Code     0  libinit2.o(.ARM.Collect$$libinit$$00000015)
    __rt_lib_init_lc_numeric_1               0x08000089   Thumb Code     0  libinit2.o(.ARM.Collect$$libinit$$00000017)
    __rt_lib_init_lc_time_1                  0x08000089   Thumb Code     0  libinit2.o(.ARM.Collect$$libinit$$00000019)
    __rt_lib_init_rand_1                     0x08000089   Thumb Code     0  libinit2.o(.ARM.Collect$$libinit$$0000000E)
    __rt_lib_init_signal_1                   0x08000089   Thumb Code     0  libinit2.o(.ARM.Collect$$libinit$$0000001D)
    __rt_lib_init_stdio_2                    0x08000089   Thumb Code     0  libinit2.o(.ARM.Collect$$libinit$$00000024)
    __rt_lib_init_user_alloc_1               0x08000089   Thumb Code     0  libinit2.o(.ARM.Collect$$libinit$$0000000C)
    __rt_lib_init_alloca_1                   0x0800008d   Thumb Code     0  libinit2.o(.ARM.Collect$$libinit$$0000002E)
    __rt_lib_init_argv_1                     0x0800008d   Thumb Code     0  libinit2.o(.ARM.Collect$$libinit$$0000002C)
    __rt_lib_init_cpp_1                      0x0800008d   Thumb Code     0  libinit2.o(.ARM.Collect$$libinit$$00000032)
    __rt_lib_init_exceptions_1               0x0800008d   Thumb Code     0  libinit2.o(.ARM.Collect$$libinit$$00000030)
    __rt_lib_init_return                     0x0800008d   Thumb Code     0  libinit2.o(.ARM.Collect$$libinit$$00000033)
    __rt_lib_init_stdio_1                    0x0800008d   Thumb Code     0  libinit2.o(.ARM.Collect$$libinit$$00000025)
    __rt_lib_shutdown                        0x08000099   Thumb Code     0  libshutdown.o(.ARM.Collect$$libshutdown$$00000000)
    __rt_lib_shutdown_stdio_2                0x0800009b   Thumb Code     0  libshutdown2.o(.ARM.Collect$$libshutdown$$00000002)
    __rt_lib_shutdown_fp_trap_1              0x0800009f   Thumb Code     0  libshutdown2.o(.ARM.Collect$$libshutdown$$00000006)
    __rt_lib_shutdown_heap_1                 0x0800009f   Thumb Code     0  libshutdown2.o(.ARM.Collect$$libshutdown$$0000000E)
    __rt_lib_shutdown_return                 0x0800009f   Thumb Code     0  libshutdown2.o(.ARM.Collect$$libshutdown$$0000000F)
    __rt_lib_shutdown_signal_1               0x0800009f   Thumb Code     0  libshutdown2.o(.ARM.Collect$$libshutdown$$00000009)
    __rt_lib_shutdown_stdio_1                0x0800009f   Thumb Code     0  libshutdown2.o(.ARM.Collect$$libshutdown$$00000003)
    __rt_lib_shutdown_user_alloc_1           0x0800009f   Thumb Code     0  libshutdown2.o(.ARM.Collect$$libshutdown$$0000000B)
    __rt_entry                               0x080000a1   Thumb Code     0  __rtentry.o(.ARM.Collect$$rtentry$$00000000)
    __rt_entry_presh_1                       0x080000a1   Thumb Code     0  __rtentry2.o(.ARM.Collect$$rtentry$$00000002)
    __rt_entry_sh                            0x080000a1   Thumb Code     0  __rtentry5.o(.ARM.Collect$$rtentry$$00000005)
    __rt_entry_li                            0x080000a5   Thumb Code     0  __rtentry2.o(.ARM.Collect$$rtentry$$0000000A)
    __rt_entry_postsh_1                      0x080000a5   Thumb Code     0  __rtentry2.o(.ARM.Collect$$rtentry$$00000009)
    __rt_entry_main                          0x080000a9   Thumb Code     0  __rtentry2.o(.ARM.Collect$$rtentry$$0000000D)
    __rt_entry_postli_1                      0x080000a9   Thumb Code     0  __rtentry2.o(.ARM.Collect$$rtentry$$0000000C)
    __rt_exit                                0x080000b5   Thumb Code     0  rtexit.o(.ARM.Collect$$rtexit$$00000000)
    __rt_exit_ls                             0x080000b7   Thumb Code     0  rtexit2.o(.ARM.Collect$$rtexit$$00000003)
    __rt_exit_prels_1                        0x080000b7   Thumb Code     0  rtexit2.o(.ARM.Collect$$rtexit$$00000002)
    __rt_exit_exit                           0x080000bb   Thumb Code     0  rtexit2.o(.ARM.Collect$$rtexit$$00000004)
    _maybe_terminate_alloc                   0x080000c1   Thumb Code     0  maybetermalloc1.o(.emb_text)
    main                                     0x080000c1   Thumb Code    52  main.o(.text)
    SystemInit                               0x080001d3   Thumb Code    78  system_stm32f10x.o(.text)
    SystemCoreClockUpdate                    0x08000221   Thumb Code   142  system_stm32f10x.o(.text)
    delay_init                               0x080002d5   Thumb Code    52  delay.o(.text)
    delay_ms                                 0x08000309   Thumb Code    56  delay.o(.text)
    delay_us                                 0x08000341   Thumb Code    56  delay.o(.text)
    fputc                                    0x08000381   Thumb Code    82  uart.o(.text)
    uartNVICInit                             0x080003d3   Thumb Code    32  uart.o(.text)
    uartInit                                 0x080003f3   Thumb Code   128  uart.o(.text)
    uartWriteBuf                             0x08000473   Thumb Code    44  uart.o(.text)
    USART1_IRQHandler                        0x0800049f   Thumb Code   200  uart.o(.text)
    NVIC_PriorityGroupConfig                 0x0800058d   Thumb Code    10  misc.o(.text)
    NVIC_Init                                0x08000597   Thumb Code   100  misc.o(.text)
    NVIC_SetVectorTable                      0x080005fb   Thumb Code    14  misc.o(.text)
    NVIC_SystemLPConfig                      0x08000609   Thumb Code    34  misc.o(.text)
    SysTick_CLKSourceConfig                  0x0800062b   Thumb Code    40  misc.o(.text)
    GPIO_DeInit                              0x08000669   Thumb Code   172  stm32f10x_gpio.o(.text)
    GPIO_AFIODeInit                          0x08000715   Thumb Code    20  stm32f10x_gpio.o(.text)
    GPIO_Init                                0x08000729   Thumb Code   278  stm32f10x_gpio.o(.text)
    GPIO_StructInit                          0x0800083f   Thumb Code    16  stm32f10x_gpio.o(.text)
    GPIO_ReadInputDataBit                    0x0800084f   Thumb Code    18  stm32f10x_gpio.o(.text)
    GPIO_ReadInputData                       0x08000861   Thumb Code     8  stm32f10x_gpio.o(.text)
    GPIO_ReadOutputDataBit                   0x08000869   Thumb Code    18  stm32f10x_gpio.o(.text)
    GPIO_ReadOutputData                      0x0800087b   Thumb Code     8  stm32f10x_gpio.o(.text)
    GPIO_SetBits                             0x08000883   Thumb Code     4  stm32f10x_gpio.o(.text)
    GPIO_ResetBits                           0x08000887   Thumb Code     4  stm32f10x_gpio.o(.text)
    GPIO_WriteBit                            0x0800088b   Thumb Code    10  stm32f10x_gpio.o(.text)
    GPIO_Write                               0x08000895   Thumb Code     4  stm32f10x_gpio.o(.text)
    GPIO_PinLockConfig                       0x08000899   Thumb Code    18  stm32f10x_gpio.o(.text)
    GPIO_EventOutputConfig                   0x080008ab   Thumb Code    26  stm32f10x_gpio.o(.text)
    GPIO_EventOutputCmd                      0x080008c5   Thumb Code     6  stm32f10x_gpio.o(.text)
    GPIO_PinRemapConfig                      0x080008cb   Thumb Code   138  stm32f10x_gpio.o(.text)
    GPIO_EXTILineConfig                      0x08000955   Thumb Code    66  stm32f10x_gpio.o(.text)
    GPIO_ETH_MediaInterfaceConfig            0x08000997   Thumb Code     8  stm32f10x_gpio.o(.text)
    RCC_DeInit                               0x080009c5   Thumb Code    64  stm32f10x_rcc.o(.text)
    RCC_HSEConfig                            0x08000a05   Thumb Code    70  stm32f10x_rcc.o(.text)
    RCC_GetFlagStatus                        0x08000a4b   Thumb Code    56  stm32f10x_rcc.o(.text)
    RCC_WaitForHSEStartUp                    0x08000a83   Thumb Code    56  stm32f10x_rcc.o(.text)
    RCC_AdjustHSICalibrationValue            0x08000abb   Thumb Code    20  stm32f10x_rcc.o(.text)
    RCC_HSICmd                               0x08000acf   Thumb Code     6  stm32f10x_rcc.o(.text)
    RCC_PLLConfig                            0x08000ad5   Thumb Code    24  stm32f10x_rcc.o(.text)
    RCC_PLLCmd                               0x08000aed   Thumb Code     6  stm32f10x_rcc.o(.text)
    RCC_SYSCLKConfig                         0x08000af3   Thumb Code    18  stm32f10x_rcc.o(.text)
    RCC_GetSYSCLKSource                      0x08000b05   Thumb Code    10  stm32f10x_rcc.o(.text)
    RCC_HCLKConfig                           0x08000b0f   Thumb Code    18  stm32f10x_rcc.o(.text)
    RCC_PCLK1Config                          0x08000b21   Thumb Code    18  stm32f10x_rcc.o(.text)
    RCC_PCLK2Config                          0x08000b33   Thumb Code    20  stm32f10x_rcc.o(.text)
    RCC_ITConfig                             0x08000b47   Thumb Code    26  stm32f10x_rcc.o(.text)
    RCC_USBCLKConfig                         0x08000b61   Thumb Code     8  stm32f10x_rcc.o(.text)
    RCC_ADCCLKConfig                         0x08000b69   Thumb Code    18  stm32f10x_rcc.o(.text)
    RCC_LSEConfig                            0x08000b7b   Thumb Code    50  stm32f10x_rcc.o(.text)
    RCC_LSICmd                               0x08000bad   Thumb Code     6  stm32f10x_rcc.o(.text)
    RCC_RTCCLKConfig                         0x08000bb3   Thumb Code    12  stm32f10x_rcc.o(.text)
    RCC_RTCCLKCmd                            0x08000bbf   Thumb Code     8  stm32f10x_rcc.o(.text)
    RCC_GetClocksFreq                        0x08000bc7   Thumb Code   192  stm32f10x_rcc.o(.text)
    RCC_AHBPeriphClockCmd                    0x08000c87   Thumb Code    26  stm32f10x_rcc.o(.text)
    RCC_APB2PeriphClockCmd                   0x08000ca1   Thumb Code    26  stm32f10x_rcc.o(.text)
    RCC_APB1PeriphClockCmd                   0x08000cbb   Thumb Code    26  stm32f10x_rcc.o(.text)
    RCC_APB2PeriphResetCmd                   0x08000cd5   Thumb Code    26  stm32f10x_rcc.o(.text)
    RCC_APB1PeriphResetCmd                   0x08000cef   Thumb Code    26  stm32f10x_rcc.o(.text)
    RCC_BackupResetCmd                       0x08000d09   Thumb Code     8  stm32f10x_rcc.o(.text)
    RCC_ClockSecuritySystemCmd               0x08000d11   Thumb Code     6  stm32f10x_rcc.o(.text)
    RCC_MCOConfig                            0x08000d17   Thumb Code     6  stm32f10x_rcc.o(.text)
    RCC_ClearFlag                            0x08000d1d   Thumb Code    14  stm32f10x_rcc.o(.text)
    RCC_GetITStatus                          0x08000d2b   Thumb Code    20  stm32f10x_rcc.o(.text)
    RCC_ClearITPendingBit                    0x08000d3f   Thumb Code     6  stm32f10x_rcc.o(.text)
    USART_DeInit                             0x08000d69   Thumb Code   134  stm32f10x_usart.o(.text)
    USART_Init                               0x08000def   Thumb Code   210  stm32f10x_usart.o(.text)
    USART_StructInit                         0x08000ec1   Thumb Code    24  stm32f10x_usart.o(.text)
    USART_ClockInit                          0x08000ed9   Thumb Code    34  stm32f10x_usart.o(.text)
    USART_ClockStructInit                    0x08000efb   Thumb Code    12  stm32f10x_usart.o(.text)
    USART_Cmd                                0x08000f07   Thumb Code    24  stm32f10x_usart.o(.text)
    USART_ITConfig                           0x08000f1f   Thumb Code    74  stm32f10x_usart.o(.text)
    USART_DMACmd                             0x08000f69   Thumb Code    18  stm32f10x_usart.o(.text)
    USART_SetAddress                         0x08000f7b   Thumb Code    18  stm32f10x_usart.o(.text)
    USART_WakeUpConfig                       0x08000f8d   Thumb Code    18  stm32f10x_usart.o(.text)
    USART_ReceiverWakeUpCmd                  0x08000f9f   Thumb Code    24  stm32f10x_usart.o(.text)
    USART_LINBreakDetectLengthConfig         0x08000fb7   Thumb Code    18  stm32f10x_usart.o(.text)
    USART_LINCmd                             0x08000fc9   Thumb Code    24  stm32f10x_usart.o(.text)
    USART_SendData                           0x08000fe1   Thumb Code     8  stm32f10x_usart.o(.text)
    USART_ReceiveData                        0x08000fe9   Thumb Code    10  stm32f10x_usart.o(.text)
    USART_SendBreak                          0x08000ff3   Thumb Code    10  stm32f10x_usart.o(.text)
    USART_SetGuardTime                       0x08000ffd   Thumb Code    16  stm32f10x_usart.o(.text)
    USART_SetPrescaler                       0x0800100d   Thumb Code    16  stm32f10x_usart.o(.text)
    USART_SmartCardCmd                       0x0800101d   Thumb Code    24  stm32f10x_usart.o(.text)
    USART_SmartCardNACKCmd                   0x08001035   Thumb Code    24  stm32f10x_usart.o(.text)
    USART_HalfDuplexCmd                      0x0800104d   Thumb Code    24  stm32f10x_usart.o(.text)
    USART_OverSampling8Cmd                   0x08001065   Thumb Code    22  stm32f10x_usart.o(.text)
    USART_OneBitMethodCmd                    0x0800107b   Thumb Code    24  stm32f10x_usart.o(.text)
    USART_IrDAConfig                         0x08001093   Thumb Code    18  stm32f10x_usart.o(.text)
    USART_IrDACmd                            0x080010a5   Thumb Code    24  stm32f10x_usart.o(.text)
    USART_GetFlagStatus                      0x080010bd   Thumb Code    26  stm32f10x_usart.o(.text)
    USART_ClearFlag                          0x080010d7   Thumb Code    18  stm32f10x_usart.o(.text)
    USART_GetITStatus                        0x080010e9   Thumb Code    84  stm32f10x_usart.o(.text)
    USART_ClearITPendingBit                  0x0800113d   Thumb Code    52  stm32f10x_usart.o(.text)
    IIC_Init                                 0x08001171   Thumb Code    36  ioi2c.o(.text)
    IIC_Start                                0x08001195   Thumb Code    92  ioi2c.o(.text)
    IIC_Stop                                 0x080011f1   Thumb Code    64  ioi2c.o(.text)
    IIC_Wait_Ack                             0x08001231   Thumb Code    92  ioi2c.o(.text)
    IIC_Ack                                  0x0800128d   Thumb Code    68  ioi2c.o(.text)
    IIC_NAck                                 0x080012d1   Thumb Code    66  ioi2c.o(.text)
    IIC_Send_Byte                            0x08001313   Thumb Code    90  ioi2c.o(.text)
    i2cWrite                                 0x0800136d   Thumb Code    96  ioi2c.o(.text)
    IIC_Read_Byte                            0x080013cd   Thumb Code   100  ioi2c.o(.text)
    i2cRead                                  0x08001431   Thumb Code   118  ioi2c.o(.text)
    I2C_ReadOneByte                          0x080014a7   Thumb Code    70  ioi2c.o(.text)
    IICreadBytes                             0x080014ed   Thumb Code   116  ioi2c.o(.text)
    IICwriteBytes                            0x08001561   Thumb Code    70  ioi2c.o(.text)
    IICreadByte                              0x080015a7   Thumb Code    22  ioi2c.o(.text)
    IICwriteByte                             0x080015bd   Thumb Code    20  ioi2c.o(.text)
    IICwriteBits                             0x080015d1   Thumb Code   106  ioi2c.o(.text)
    IICwriteBit                              0x0800163b   Thumb Code    64  ioi2c.o(.text)
    mpu_reg_dump                             0x08001707   Thumb Code    72  inv_mpu.o(.text)
    mpu_read_reg                             0x0800174f   Thumb Code    66  inv_mpu.o(.text)
    mpu_set_int_latched                      0x08001791   Thumb Code   102  inv_mpu.o(.text)
    mpu_set_sensors                          0x080017f7   Thumb Code   202  inv_mpu.o(.text)
    mpu_set_bypass                           0x080018c1   Thumb Code   328  inv_mpu.o(.text)
    mpu_reset_fifo                           0x08001a09   Thumb Code   444  inv_mpu.o(.text)
    mpu_configure_fifo                       0x08001bc5   Thumb Code   106  inv_mpu.o(.text)
    mpu_set_lpf                              0x08001c2f   Thumb Code   126  inv_mpu.o(.text)
    mpu_lp_accel_mode                        0x08001cad   Thumb Code   218  inv_mpu.o(.text)
    mpu_set_sample_rate                      0x08001d87   Thumb Code   152  inv_mpu.o(.text)
    mpu_set_accel_fsr                        0x08001e1f   Thumb Code   132  inv_mpu.o(.text)
    mpu_set_gyro_fsr                         0x08001ea3   Thumb Code   132  inv_mpu.o(.text)
    mpu_init                                 0x08001f27   Thumb Code   416  inv_mpu.o(.text)
    myget_ms                                 0x080020c7   Thumb Code     2  inv_mpu.o(.text)
    mpu_get_gyro_reg                         0x080020c9   Thumb Code   110  inv_mpu.o(.text)
    mpu_get_accel_reg                        0x08002137   Thumb Code   110  inv_mpu.o(.text)
    mpu_get_temperature                      0x080021a5   Thumb Code   150  inv_mpu.o(.text)
    mpu_set_accel_bias                       0x0800223b   Thumb Code   468  inv_mpu.o(.text)
    mpu_get_gyro_fsr                         0x0800240f   Thumb Code    64  inv_mpu.o(.text)
    mpu_get_accel_fsr                        0x0800244f   Thumb Code    72  inv_mpu.o(.text)
    mpu_get_lpf                              0x08002497   Thumb Code    74  inv_mpu.o(.text)
    mpu_get_sample_rate                      0x080024e1   Thumb Code    26  inv_mpu.o(.text)
    mpu_get_compass_sample_rate              0x080024fb   Thumb Code    10  inv_mpu.o(.text)
    mpu_set_compass_sample_rate              0x08002505   Thumb Code     8  inv_mpu.o(.text)
    mpu_get_gyro_sens                        0x0800250d   Thumb Code    58  inv_mpu.o(.text)
    mpu_get_accel_sens                       0x08002547   Thumb Code    78  inv_mpu.o(.text)
    mpu_get_fifo_config                      0x08002595   Thumb Code    12  inv_mpu.o(.text)
    mpu_get_power_state                      0x080025a1   Thumb Code    22  inv_mpu.o(.text)
    mpu_get_int_status                       0x080025b7   Thumb Code    64  inv_mpu.o(.text)
    mpu_read_fifo                            0x080025f7   Thumb Code   520  inv_mpu.o(.text)
    mpu_read_fifo_stream                     0x080027ff   Thumb Code   186  inv_mpu.o(.text)
    mpu_set_int_level                        0x080028b9   Thumb Code    12  inv_mpu.o(.text)
    mpu_set_dmp_state                        0x08002f99   Thumb Code   138  inv_mpu.o(.text)
    mpu_run_self_test                        0x08003023   Thumb Code   278  inv_mpu.o(.text)
    mpu_write_mem                            0x08003139   Thumb Code   122  inv_mpu.o(.text)
    mpu_read_mem                             0x080031b3   Thumb Code   122  inv_mpu.o(.text)
    mpu_load_firmware                        0x0800322d   Thumb Code   190  inv_mpu.o(.text)
    mpu_get_dmp_state                        0x080032eb   Thumb Code    14  inv_mpu.o(.text)
    mpu_get_compass_reg                      0x080032f9   Thumb Code     8  inv_mpu.o(.text)
    mpu_get_compass_fsr                      0x08003301   Thumb Code     8  inv_mpu.o(.text)
    mpu_lp_motion_interrupt                  0x08003309   Thumb Code   512  inv_mpu.o(.text)
    dmp_load_motion_driver_firmware          0x0800350d   Thumb Code    20  inv_mpu_dmp_motion_driver.o(.text)
    dmp_set_orientation                      0x08003521   Thumb Code   290  inv_mpu_dmp_motion_driver.o(.text)
    dmp_set_gyro_bias                        0x08003643   Thumb Code   294  inv_mpu_dmp_motion_driver.o(.text)
    dmp_set_accel_bias                       0x08003769   Thumb Code   300  inv_mpu_dmp_motion_driver.o(.text)
    dmp_set_fifo_rate                        0x08003895   Thumb Code   136  inv_mpu_dmp_motion_driver.o(.text)
    dmp_get_fifo_rate                        0x0800391d   Thumb Code    12  inv_mpu_dmp_motion_driver.o(.text)
    dmp_set_tap_thresh                       0x08003929   Thumb Code   396  inv_mpu_dmp_motion_driver.o(.text)
    dmp_set_tap_axes                         0x08003ab5   Thumb Code    70  inv_mpu_dmp_motion_driver.o(.text)
    dmp_set_tap_count                        0x08003afb   Thumb Code    38  inv_mpu_dmp_motion_driver.o(.text)
    dmp_set_tap_time                         0x08003b21   Thumb Code    38  inv_mpu_dmp_motion_driver.o(.text)
    dmp_set_tap_time_multi                   0x08003b47   Thumb Code    38  inv_mpu_dmp_motion_driver.o(.text)
    dmp_set_shake_reject_thresh              0x08003b6d   Thumb Code    56  inv_mpu_dmp_motion_driver.o(.text)
    dmp_set_shake_reject_time                0x08003ba5   Thumb Code    38  inv_mpu_dmp_motion_driver.o(.text)
    dmp_set_shake_reject_timeout             0x08003bcb   Thumb Code    38  inv_mpu_dmp_motion_driver.o(.text)
    dmp_get_pedometer_step_count             0x08003bf1   Thumb Code    66  inv_mpu_dmp_motion_driver.o(.text)
    dmp_set_pedometer_step_count             0x08003c33   Thumb Code    42  inv_mpu_dmp_motion_driver.o(.text)
    dmp_get_pedometer_walk_time              0x08003c5d   Thumb Code    72  inv_mpu_dmp_motion_driver.o(.text)
    dmp_set_pedometer_walk_time              0x08003ca5   Thumb Code    48  inv_mpu_dmp_motion_driver.o(.text)
    dmp_enable_6x_lp_quat                    0x08003cd5   Thumb Code    84  inv_mpu_dmp_motion_driver.o(.text)
    dmp_enable_lp_quat                       0x08003d29   Thumb Code    60  inv_mpu_dmp_motion_driver.o(.text)
    dmp_enable_gyro_cal                      0x08003d65   Thumb Code    62  inv_mpu_dmp_motion_driver.o(.text)
    dmp_enable_feature                       0x08003da3   Thumb Code   530  inv_mpu_dmp_motion_driver.o(.text)
    dmp_get_enabled_features                 0x08003fb5   Thumb Code    12  inv_mpu_dmp_motion_driver.o(.text)
    dmp_set_interrupt_mode                   0x0800401f   Thumb Code    66  inv_mpu_dmp_motion_driver.o(.text)
    dmp_read_fifo                            0x08004061   Thumb Code   514  inv_mpu_dmp_motion_driver.o(.text)
    dmp_register_tap_cb                      0x08004263   Thumb Code    10  inv_mpu_dmp_motion_driver.o(.text)
    dmp_register_android_orient_cb           0x0800426d   Thumb Code    10  inv_mpu_dmp_motion_driver.o(.text)
    MPU6050_newValues                        0x08004389   Thumb Code   494  mpu6050.o(.text)
    MPU6050_setClockSource                   0x08004577   Thumb Code    20  mpu6050.o(.text)
    MPU6050_setFullScaleGyroRange            0x0800458b   Thumb Code    20  mpu6050.o(.text)
    MPU6050_setFullScaleAccelRange           0x0800459f   Thumb Code    20  mpu6050.o(.text)
    MPU6050_setSleepEnabled                  0x080045b3   Thumb Code    18  mpu6050.o(.text)
    MPU6050_getDeviceID                      0x080045c5   Thumb Code    20  mpu6050.o(.text)
    MPU6050_testConnection                   0x080045d9   Thumb Code    18  mpu6050.o(.text)
    MPU6050_setI2CMasterModeEnabled          0x080045eb   Thumb Code    18  mpu6050.o(.text)
    MPU6050_setI2CBypassEnabled              0x080045fd   Thumb Code    18  mpu6050.o(.text)
    MPU6050_initialize                       0x0800460f   Thumb Code    40  mpu6050.o(.text)
    DMP_Init                                 0x08004637   Thumb Code   194  mpu6050.o(.text)
    Read_DMP                                 0x080046f9   Thumb Code   966  mpu6050.o(.text)
    Read_Temperature                         0x08004abf   Thumb Code   110  mpu6050.o(.text)
    __aeabi_ldivmod                          0x08004b5d   Thumb Code     0  llsdiv.o(.text)
    _ll_sdiv                                 0x08004b5d   Thumb Code    72  llsdiv.o(.text)
    __2printf                                0x08004ba5   Thumb Code    20  noretval__2printf.o(.text)
    __printf                                 0x08004bbd   Thumb Code   104  __printf.o(.text)
    _printf_int_dec                          0x08004c25   Thumb Code   104  _printf_dec.o(.text)
    memcmp                                   0x08004c9d   Thumb Code    88  memcmp.o(.text)
    __aeabi_memcpy                           0x08004cf5   Thumb Code     0  rt_memcpy_v6.o(.text)
    __rt_memcpy                              0x08004cf5   Thumb Code   138  rt_memcpy_v6.o(.text)
    _memcpy_lastbytes                        0x08004d5b   Thumb Code     0  rt_memcpy_v6.o(.text)
    __aeabi_memset                           0x08004d7f   Thumb Code    16  aeabi_memset.o(.text)
    __aeabi_uldivmod                         0x08004d8f   Thumb Code     0  lludivv7m.o(.text)
    _ll_udiv                                 0x08004d8f   Thumb Code   238  lludivv7m.o(.text)
    __read_errno                             0x08004e7d   Thumb Code    10  _rserrno.o(.text)
    __set_errno                              0x08004e87   Thumb Code    12  _rserrno.o(.text)
    _printf_int_common                       0x08004e93   Thumb Code   178  _printf_intcommon.o(.text)
    _printf_char_file                        0x08004f45   Thumb Code    32  _printf_char_file.o(.text)
    __aeabi_memcpy4                          0x08004f69   Thumb Code     0  rt_memcpy_w.o(.text)
    __aeabi_memcpy8                          0x08004f69   Thumb Code     0  rt_memcpy_w.o(.text)
    __rt_memcpy_w                            0x08004f69   Thumb Code   100  rt_memcpy_w.o(.text)
    _memcpy_lastbytes_aligned                0x08004fb1   Thumb Code     0  rt_memcpy_w.o(.text)
    __aeabi_memclr                           0x08004fcd   Thumb Code     0  rt_memclr.o(.text)
    __rt_memclr                              0x08004fcd   Thumb Code    68  rt_memclr.o(.text)
    _memset                                  0x08004fd1   Thumb Code     0  rt_memclr.o(.text)
    __aeabi_errno_addr                       0x08005011   Thumb Code     8  rt_errno_addr_intlibspace.o(.text)
    __errno$intlibspace                      0x08005011   Thumb Code     0  rt_errno_addr_intlibspace.o(.text)
    __rt_errno_addr$intlibspace              0x08005011   Thumb Code     0  rt_errno_addr_intlibspace.o(.text)
    _printf_char_common                      0x08005023   Thumb Code    32  _printf_char_common.o(.text)
    ferror                                   0x08005049   Thumb Code     8  ferror.o(.text)
    _initio                                  0x08005051   Thumb Code   210  initio.o(.text)
    _terminateio                             0x08005123   Thumb Code    56  initio.o(.text)
    __aeabi_memclr4                          0x08005189   Thumb Code     0  rt_memclr_w.o(.text)
    __aeabi_memclr8                          0x08005189   Thumb Code     0  rt_memclr_w.o(.text)
    __rt_memclr_w                            0x08005189   Thumb Code    78  rt_memclr_w.o(.text)
    _memset_w                                0x0800518d   Thumb Code     0  rt_memclr_w.o(.text)
    _sys_open                                0x080051d7   Thumb Code    20  sys_io.o(.text)
    _sys_close                               0x080051eb   Thumb Code    12  sys_io.o(.text)
    _sys_write                               0x080051f7   Thumb Code    16  sys_io.o(.text)
    _sys_read                                0x08005207   Thumb Code    14  sys_io.o(.text)
    _sys_istty                               0x08005215   Thumb Code    12  sys_io.o(.text)
    _sys_seek                                0x08005221   Thumb Code    14  sys_io.o(.text)
    _sys_ensure                              0x0800522f   Thumb Code     2  sys_io.o(.text)
    _sys_flen                                0x08005231   Thumb Code    12  sys_io.o(.text)
    free                                     0x0800523d   Thumb Code    78  h1_free.o(.text)
    setvbuf                                  0x0800528b   Thumb Code    70  setvbuf.o(.text)
    freopen                                  0x080052d1   Thumb Code   158  fopen.o(.text)
    fopen                                    0x0800536f   Thumb Code    74  fopen.o(.text)
    _fclose_internal                         0x080053bd   Thumb Code    76  fclose.o(.text)
    fclose                                   0x080053bd   Thumb Code     0  fclose.o(.text)
    exit                                     0x08005409   Thumb Code    12  exit.o(.text)
    __rt_SIGRTRED                            0x08005415   Thumb Code    14  defsig_rtred_outer.o(.text)
    __I$use$semihosting                      0x08005423   Thumb Code     0  use_no_semi.o(.text)
    __use_no_semihosting_swi                 0x08005423   Thumb Code     2  use_no_semi.o(.text)
    __rt_heap_descriptor                     0x08005425   Thumb Code     8  rt_heap_descriptor_intlibspace.o(.text)
    __semihosting_library_function           0x08005425   Thumb Code     0  indicate_semi.o(.text)
    __use_no_heap                            0x0800542d   Thumb Code     2  hguard.o(.text)
    __heap$guard                             0x0800542f   Thumb Code     2  hguard.o(.text)
    _terminate_user_alloc                    0x08005431   Thumb Code     2  init_alloc.o(.text)
    _init_user_alloc                         0x08005433   Thumb Code     2  init_alloc.o(.text)
    __Heap_Full                              0x08005435   Thumb Code    34  init_alloc.o(.text)
    __Heap_Broken                            0x08005457   Thumb Code     6  init_alloc.o(.text)
    _init_alloc                              0x0800545d   Thumb Code    94  init_alloc.o(.text)
    malloc                                   0x080054bb   Thumb Code    94  h1_alloc.o(.text)
    _fseek                                   0x08005519   Thumb Code   242  fseek.o(.text)
    fseek                                    0x08005519   Thumb Code     0  fseek.o(.text)
    _seterr                                  0x08005611   Thumb Code    20  stdio.o(.text)
    _writebuf                                0x08005625   Thumb Code    84  stdio.o(.text)
    _fflush                                  0x08005679   Thumb Code    70  stdio.o(.text)
    _deferredlazyseek                        0x080056bf   Thumb Code    60  stdio.o(.text)
    __sig_exit                               0x08005701   Thumb Code    10  defsig_exit.o(.text)
    __rt_SIGRTRED_inner                      0x0800570d   Thumb Code    14  defsig_rtred_inner.o(.text)
    strlen                                   0x08005741   Thumb Code    62  strlen.o(.text)
    _sys_exit                                0x08005781   Thumb Code     8  sys_exit.o(.text)
    __Heap_Initialize                        0x0800578d   Thumb Code    10  h1_init.o(.text)
    __Heap_DescSize                          0x08005797   Thumb Code     4  h1_init.o(.text)
    __Heap_ProvideMemory                     0x0800579b   Thumb Code    52  h1_extend.o(.text)
    _ftell_internal                          0x080057cf   Thumb Code    66  ftell.o(.text)
    ftell                                    0x080057cf   Thumb Code     0  ftell.o(.text)
    __default_signal_display                 0x08005811   Thumb Code    50  defsig_general.o(.text)
    __rt_SIGRTMEM                            0x08005843   Thumb Code    14  defsig_rtmem_outer.o(.text)
    __rt_heap_escrow                         0x08005851   Thumb Code    22  heapauxa.o(.text)
    __rt_heap_expand                         0x08005867   Thumb Code    52  heapauxa.o(.text)
    _ttywrch                                 0x080058a1   Thumb Code    14  sys_wrch.o(.text)
    __rt_SIGRTMEM_inner                      0x080058b1   Thumb Code    22  defsig_rtmem_inner.o(.text)
    __ARM_fpclassify                         0x08005901   Thumb Code    40  fpclassify.o(i.__ARM_fpclassify)
    __kernel_poly                            0x08005929   Thumb Code   170  poly.o(i.__kernel_poly)
    __mathlib_dbl_infnan                     0x080059d3   Thumb Code     6  dunder.o(i.__mathlib_dbl_infnan)
    __mathlib_dbl_infnan2                    0x080059d9   Thumb Code     4  dunder.o(i.__mathlib_dbl_infnan2)
    __mathlib_dbl_invalid                    0x080059dd   Thumb Code    12  dunder.o(i.__mathlib_dbl_invalid)
    __mathlib_dbl_underflow                  0x080059e9   Thumb Code    10  dunder.o(i.__mathlib_dbl_underflow)
    asin                                     0x080059f9   Thumb Code   572  asin.o(i.asin)
    atan                                     0x08005c69   Thumb Code   474  atan.o(i.atan)
    atan2                                    0x08005e89   Thumb Code   346  atan2.o(i.atan2)
    sqrt                                     0x08006009   Thumb Code    76  sqrt.o(i.sqrt)
    __aeabi_d2f                              0x08006055   Thumb Code     0  d2f.o(x$fpl$d2f)
    _d2f                                     0x08006055   Thumb Code    98  d2f.o(x$fpl$d2f)
    __aeabi_dadd                             0x080060b9   Thumb Code     0  daddsub_clz.o(x$fpl$dadd)
    _dadd                                    0x080060b9   Thumb Code   332  daddsub_clz.o(x$fpl$dadd)
    __fpl_dcheck_NaN1                        0x08006209   Thumb Code    10  dcheck1.o(x$fpl$dcheck1)
    __aeabi_ddiv                             0x08006219   Thumb Code     0  ddiv.o(x$fpl$ddiv)
    _ddiv                                    0x08006219   Thumb Code   552  ddiv.o(x$fpl$ddiv)
    __aeabi_dmul                             0x080064c9   Thumb Code     0  dmul.o(x$fpl$dmul)
    _dmul                                    0x080064c9   Thumb Code   332  dmul.o(x$fpl$dmul)
    __fpl_dnaninf                            0x0800661d   Thumb Code   156  dnaninf.o(x$fpl$dnaninf)
    __fpl_dretinf                            0x080066b9   Thumb Code    12  dretinf.o(x$fpl$dretinf)
    __aeabi_drsub                            0x080066c5   Thumb Code     0  daddsub_clz.o(x$fpl$drsb)
    _drsb                                    0x080066c5   Thumb Code    22  daddsub_clz.o(x$fpl$drsb)
    _dsqrt                                   0x080066dd   Thumb Code   456  dsqrt_noumaal.o(x$fpl$dsqrt)
    __aeabi_dsub                             0x080068a9   Thumb Code     0  daddsub_clz.o(x$fpl$dsub)
    _dsub                                    0x080068a9   Thumb Code   464  daddsub_clz.o(x$fpl$dsub)
    __aeabi_f2d                              0x08006a7d   Thumb Code     0  f2d.o(x$fpl$f2d)
    _f2d                                     0x08006a7d   Thumb Code    86  f2d.o(x$fpl$f2d)
    __aeabi_fadd                             0x08006ad5   Thumb Code     0  faddsub_clz.o(x$fpl$fadd)
    _fadd                                    0x08006ad5   Thumb Code   196  faddsub_clz.o(x$fpl$fadd)
    __fpl_fcmp_Inf                           0x08006b99   Thumb Code    24  fcmpi.o(x$fpl$fcmpinf)
    __aeabi_fdiv                             0x08006bb1   Thumb Code     0  fdiv.o(x$fpl$fdiv)
    _fdiv                                    0x08006bb1   Thumb Code   384  fdiv.o(x$fpl$fdiv)
    __aeabi_cfcmpeq                          0x08006d35   Thumb Code     0  feqf.o(x$fpl$feqf)
    _fcmpeq                                  0x08006d35   Thumb Code   104  feqf.o(x$fpl$feqf)
    __aeabi_f2iz                             0x08006d9d   Thumb Code     0  ffix.o(x$fpl$ffix)
    _ffix                                    0x08006d9d   Thumb Code    54  ffix.o(x$fpl$ffix)
    __aeabi_f2uiz                            0x08006dd5   Thumb Code     0  ffixu.o(x$fpl$ffixu)
    _ffixu                                   0x08006dd5   Thumb Code    62  ffixu.o(x$fpl$ffixu)
    __aeabi_i2f                              0x08006e15   Thumb Code     0  fflt_clz.o(x$fpl$fflt)
    _fflt                                    0x08006e15   Thumb Code    48  fflt_clz.o(x$fpl$fflt)
    __aeabi_ui2f                             0x08006e45   Thumb Code     0  fflt_clz.o(x$fpl$ffltu)
    _ffltu                                   0x08006e45   Thumb Code    38  fflt_clz.o(x$fpl$ffltu)
    __aeabi_cfcmple                          0x08006e6d   Thumb Code     0  fleqf.o(x$fpl$fleqf)
    _fcmple                                  0x08006e6d   Thumb Code   104  fleqf.o(x$fpl$fleqf)
    __fpl_fcmple_InfNaN                      0x08006ebf   Thumb Code     0  fleqf.o(x$fpl$fleqf)
    __aeabi_fmul                             0x08006ed5   Thumb Code     0  fmul.o(x$fpl$fmul)
    _fmul                                    0x08006ed5   Thumb Code   258  fmul.o(x$fpl$fmul)
    __fpl_fnaninf                            0x08006fd7   Thumb Code   140  fnaninf.o(x$fpl$fnaninf)
    __fpl_fretinf                            0x08007063   Thumb Code    10  fretinf.o(x$fpl$fretinf)
    __aeabi_cfrcmple                         0x0800706d   Thumb Code     0  frleqf.o(x$fpl$frleqf)
    _frcmple                                 0x0800706d   Thumb Code    98  frleqf.o(x$fpl$frleqf)
    __aeabi_fsub                             0x080070d1   Thumb Code     0  faddsub_clz.o(x$fpl$fsub)
    _fsub                                    0x080070d1   Thumb Code   234  faddsub_clz.o(x$fpl$fsub)
    __fpl_return_NaN                         0x080071bb   Thumb Code   100  retnan.o(x$fpl$retnan)
    __ARM_scalbn                             0x0800721f   Thumb Code    92  scalbn.o(x$fpl$scalbn)
    __fpl_cmpreturn                          0x0800727b   Thumb Code    48  trapv.o(x$fpl$trapveneer)
    __I$use$fp                               0x080072aa   Number         0  usenofp.o(x$fpl$usenofp)
    hw                                       0x080072ac   Data          12  inv_mpu.o(.constdata)
    reg                                      0x080072b8   Data          27  inv_mpu.o(.constdata)
    test                                     0x080072d4   Data          40  inv_mpu.o(.constdata)
    __mathlib_zero                           0x08007fe0   Data           8  qnan.o(.constdata)
    __stdin_name                             0x08007fe8   Data           4  sys_io.o(.constdata)
    __stdout_name                            0x08007fec   Data           4  sys_io.o(.constdata)
    __stderr_name                            0x08007ff0   Data           4  sys_io.o(.constdata)
    Region$$Table$$Base                      0x08008044   Number         0  anon$$obj.o(Region$$Table)
    Region$$Table$$Limit                     0x08008064   Number         0  anon$$obj.o(Region$$Table)
    SystemCoreClock                          0x20000000   Data           4  system_stm32f10x.o(.data)
    AHBPrescTable                            0x20000004   Data          16  system_stm32f10x.o(.data)
    isUartRxCompleted                        0x20000018   Data           1  uart.o(.data)
    gyro                                     0x20000060   Data           6  mpu6050.o(.data)
    accel                                    0x20000066   Data           6  mpu6050.o(.data)
    sensors                                  0x2000006c   Data           2  mpu6050.o(.data)
    Pitch                                    0x20000070   Data           4  mpu6050.o(.data)
    Roll                                     0x20000074   Data           4  mpu6050.o(.data)
    Yaw                                      0x20000078   Data           4  mpu6050.o(.data)
    q0                                       0x2000007c   Data           4  mpu6050.o(.data)
    q1                                       0x20000080   Data           4  mpu6050.o(.data)
    q2                                       0x20000084   Data           4  mpu6050.o(.data)
    q3                                       0x20000088   Data           4  mpu6050.o(.data)
    Gx_offset                                0x20000096   Data           2  mpu6050.o(.data)
    Gy_offset                                0x20000098   Data           2  mpu6050.o(.data)
    Gz_offset                                0x2000009a   Data           2  mpu6050.o(.data)
    __aeabi_stdin                            0x2000009c   Data           4  stdio_streams.o(.data)
    __aeabi_stdout                           0x200000a0   Data           4  stdio_streams.o(.data)
    __aeabi_stderr                           0x200000a4   Data           4  stdio_streams.o(.data)
    UART_RX_BUF                              0x200000ac   Data          16  uart.o(.bss)
    LobotTxBuf                               0x200000bc   Data         128  lobotservocontroller.o(.bss)
    LobotRxBuf                               0x2000013c   Data          16  lobotservocontroller.o(.bss)
    buffer                                   0x2000015c   Data          14  mpu6050.o(.bss)
    MPU6050_FIFO                             0x2000016a   Data         132  mpu6050.o(.bss)
    __stdin                                  0x200001f0   Data          84  stdio_streams.o(.bss)
    __stdout                                 0x20000244   Data          84  stdio_streams.o(.bss)
    __stderr                                 0x20000298   Data          84  stdio_streams.o(.bss)
    __libspace_start                         0x200002ec   Data          96  libspace.o(.bss)
    __temporary_stack_top$libspace           0x2000034c   Data           0  libspace.o(.bss)
    __heap_base                              0x20000350   Data           0  startup_stm32f10x_hd.o(HEAP)
    __heap_limit                             0x20000550   Data           0  startup_stm32f10x_hd.o(HEAP)
    Image$$ZI$$Limit                         0x20000950   Number         0  anon$$obj.o ABSOLUTE
    __initial_sp                             0x20000950   Data           0  startup_stm32f10x_hd.o(STACK)



==============================================================================

Memory Map of the image

  Image entry point : Not specified.

  Load Region LR_1 (Base: 0x08000000, Size: 0x00008110, Max: 0xffffffff, ABSOLUTE)

    Execution Region ER_RO (Base: 0x08000000, Size: 0x00008064, Max: 0xffffffff, ABSOLUTE)

    Base Addr    Size         Type   Attr      Idx    E Section Name        Object

    0x08000000   0x00000008   Code   RO          720  * !!!main             c_w.l(__main.o)
    0x08000008   0x00000034   Code   RO         1199    !!!scatter          c_w.l(__scatter.o)
    0x0800003c   0x0000001a   Code   RO         1201    !!handler_copy      c_w.l(__scatter_copy.o)
    0x08000056   0x00000002   PAD
    0x08000058   0x0000001c   Code   RO         1203    !!handler_zi        c_w.l(__scatter_zi.o)
    0x08000074   0x00000000   Code   RO          713    .ARM.Collect$$_printf_percent$$00000000  c_w.l(_printf_percent.o)
    0x08000074   0x00000006   Code   RO          712    .ARM.Collect$$_printf_percent$$00000009  c_w.l(_printf_d.o)
    0x0800007a   0x00000004   Code   RO          793    .ARM.Collect$$_printf_percent$$00000017  c_w.l(_printf_percent_end.o)
    0x0800007e   0x00000002   Code   RO          999    .ARM.Collect$$libinit$$00000000  c_w.l(libinit.o)
    0x08000080   0x00000000   Code   RO         1001    .ARM.Collect$$libinit$$00000002  c_w.l(libinit2.o)
    0x08000080   0x00000000   Code   RO         1003    .ARM.Collect$$libinit$$00000004  c_w.l(libinit2.o)
    0x08000080   0x00000008   Code   RO         1116    .ARM.Collect$$libinit$$00000006  c_w.l(libinit3.o)
    0x08000088   0x00000000   Code   RO         1006    .ARM.Collect$$libinit$$0000000A  c_w.l(libinit2.o)
    0x08000088   0x00000000   Code   RO         1008    .ARM.Collect$$libinit$$0000000C  c_w.l(libinit2.o)
    0x08000088   0x00000000   Code   RO         1010    .ARM.Collect$$libinit$$0000000E  c_w.l(libinit2.o)
    0x08000088   0x00000000   Code   RO         1013    .ARM.Collect$$libinit$$00000011  c_w.l(libinit2.o)
    0x08000088   0x00000000   Code   RO         1015    .ARM.Collect$$libinit$$00000013  c_w.l(libinit2.o)
    0x08000088   0x00000000   Code   RO         1017    .ARM.Collect$$libinit$$00000015  c_w.l(libinit2.o)
    0x08000088   0x00000000   Code   RO         1019    .ARM.Collect$$libinit$$00000017  c_w.l(libinit2.o)
    0x08000088   0x00000000   Code   RO         1021    .ARM.Collect$$libinit$$00000019  c_w.l(libinit2.o)
    0x08000088   0x00000000   Code   RO         1023    .ARM.Collect$$libinit$$0000001B  c_w.l(libinit2.o)
    0x08000088   0x00000000   Code   RO         1025    .ARM.Collect$$libinit$$0000001D  c_w.l(libinit2.o)
    0x08000088   0x00000000   Code   RO         1027    .ARM.Collect$$libinit$$0000001F  c_w.l(libinit2.o)
    0x08000088   0x00000000   Code   RO         1029    .ARM.Collect$$libinit$$00000021  c_w.l(libinit2.o)
    0x08000088   0x00000000   Code   RO         1031    .ARM.Collect$$libinit$$00000023  c_w.l(libinit2.o)
    0x08000088   0x00000004   Code   RO         1032    .ARM.Collect$$libinit$$00000024  c_w.l(libinit2.o)
    0x0800008c   0x00000000   Code   RO         1033    .ARM.Collect$$libinit$$00000025  c_w.l(libinit2.o)
    0x0800008c   0x00000000   Code   RO         1037    .ARM.Collect$$libinit$$0000002C  c_w.l(libinit2.o)
    0x0800008c   0x00000000   Code   RO         1039    .ARM.Collect$$libinit$$0000002E  c_w.l(libinit2.o)
    0x0800008c   0x00000000   Code   RO         1041    .ARM.Collect$$libinit$$00000030  c_w.l(libinit2.o)
    0x0800008c   0x00000000   Code   RO         1043    .ARM.Collect$$libinit$$00000032  c_w.l(libinit2.o)
    0x0800008c   0x00000002   Code   RO         1044    .ARM.Collect$$libinit$$00000033  c_w.l(libinit2.o)
    0x0800008e   0x00000002   PAD
    0x08000090   0x00000008   Code   RO         1117    .ARM.Collect$$libinit$$00002717  c_w.l(libinit3.o)
    0x08000098   0x00000002   Code   RO         1180    .ARM.Collect$$libshutdown$$00000000  c_w.l(libshutdown.o)
    0x0800009a   0x00000004   Code   RO         1046    .ARM.Collect$$libshutdown$$00000002  c_w.l(libshutdown2.o)
    0x0800009e   0x00000000   Code   RO         1047    .ARM.Collect$$libshutdown$$00000003  c_w.l(libshutdown2.o)
    0x0800009e   0x00000000   Code   RO         1050    .ARM.Collect$$libshutdown$$00000006  c_w.l(libshutdown2.o)
    0x0800009e   0x00000000   Code   RO         1053    .ARM.Collect$$libshutdown$$00000009  c_w.l(libshutdown2.o)
    0x0800009e   0x00000000   Code   RO         1055    .ARM.Collect$$libshutdown$$0000000B  c_w.l(libshutdown2.o)
    0x0800009e   0x00000000   Code   RO         1058    .ARM.Collect$$libshutdown$$0000000E  c_w.l(libshutdown2.o)
    0x0800009e   0x00000002   Code   RO         1059    .ARM.Collect$$libshutdown$$0000000F  c_w.l(libshutdown2.o)
    0x080000a0   0x00000000   Code   RO          784    .ARM.Collect$$rtentry$$00000000  c_w.l(__rtentry.o)
    0x080000a0   0x00000000   Code   RO          859    .ARM.Collect$$rtentry$$00000002  c_w.l(__rtentry2.o)
    0x080000a0   0x00000004   Code   RO          873    .ARM.Collect$$rtentry$$00000005  c_w.l(__rtentry5.o)
    0x080000a4   0x00000000   Code   RO          861    .ARM.Collect$$rtentry$$00000009  c_w.l(__rtentry2.o)
    0x080000a4   0x00000004   Code   RO          862    .ARM.Collect$$rtentry$$0000000A  c_w.l(__rtentry2.o)
    0x080000a8   0x00000000   Code   RO          864    .ARM.Collect$$rtentry$$0000000C  c_w.l(__rtentry2.o)
    0x080000a8   0x00000008   Code   RO          865    .ARM.Collect$$rtentry$$0000000D  c_w.l(__rtentry2.o)
    0x080000b0   0x00000004   Code   RO          874    .ARM.Collect$$rtentry$$00002716  c_w.l(__rtentry5.o)
    0x080000b4   0x00000002   Code   RO         1069    .ARM.Collect$$rtexit$$00000000  c_w.l(rtexit.o)
    0x080000b6   0x00000000   Code   RO         1127    .ARM.Collect$$rtexit$$00000002  c_w.l(rtexit2.o)
    0x080000b6   0x00000004   Code   RO         1128    .ARM.Collect$$rtexit$$00000003  c_w.l(rtexit2.o)
    0x080000ba   0x00000006   Code   RO         1129    .ARM.Collect$$rtexit$$00000004  c_w.l(rtexit2.o)
    0x080000c0   0x00000000   Code   RO         1133    .emb_text           c_w.l(maybetermalloc1.o)
    0x080000c0   0x00000034   Code   RO            1    .text               main.o
    0x080000f4   0x000001e0   Code   RO          172    .text               system_stm32f10x.o
    0x080002d4   0x000000ac   Code   RO          190    .text               delay.o
    0x08000380   0x0000020c   Code   RO          204    .text               uart.o
    0x0800058c   0x000000dc   Code   RO          269    .text               misc.o
    0x08000668   0x0000035c   Code   RO          413    .text               stm32f10x_gpio.o
    0x080009c4   0x000003a4   Code   RO          461    .text               stm32f10x_rcc.o
    0x08000d68   0x00000408   Code   RO          523    .text               stm32f10x_usart.o
    0x08001170   0x0000050a   Code   RO          574    .text               ioi2c.o
    0x0800167a   0x00000002   PAD
    0x0800167c   0x00001e90   Code   RO          598    .text               inv_mpu.o
    0x0800350c   0x00000d70   Code   RO          622    .text               inv_mpu_dmp_motion_driver.o
    0x0800427c   0x000008e0   Code   RO          637    .text               mpu6050.o
    0x08004b5c   0x00000048   Code   RO          682    .text               c_w.l(llsdiv.o)
    0x08004ba4   0x00000018   Code   RO          686    .text               c_w.l(noretval__2printf.o)
    0x08004bbc   0x00000068   Code   RO          688    .text               c_w.l(__printf.o)
    0x08004c24   0x00000078   Code   RO          690    .text               c_w.l(_printf_dec.o)
    0x08004c9c   0x00000058   Code   RO          714    .text               c_w.l(memcmp.o)
    0x08004cf4   0x0000008a   Code   RO          716    .text               c_w.l(rt_memcpy_v6.o)
    0x08004d7e   0x00000010   Code   RO          718    .text               c_w.l(aeabi_memset.o)
    0x08004d8e   0x000000ee   Code   RO          785    .text               c_w.l(lludivv7m.o)
    0x08004e7c   0x00000016   Code   RO          787    .text               c_w.l(_rserrno.o)
    0x08004e92   0x000000b2   Code   RO          789    .text               c_w.l(_printf_intcommon.o)
    0x08004f44   0x00000024   Code   RO          791    .text               c_w.l(_printf_char_file.o)
    0x08004f68   0x00000064   Code   RO          800    .text               c_w.l(rt_memcpy_w.o)
    0x08004fcc   0x00000044   Code   RO          802    .text               c_w.l(rt_memclr.o)
    0x08005010   0x00000008   Code   RO          885    .text               c_w.l(rt_errno_addr_intlibspace.o)
    0x08005018   0x00000030   Code   RO          887    .text               c_w.l(_printf_char_common.o)
    0x08005048   0x00000008   Code   RO          889    .text               c_w.l(ferror.o)
    0x08005050   0x00000138   Code   RO          891    .text               c_w.l(initio.o)
    0x08005188   0x0000004e   Code   RO          897    .text               c_w.l(rt_memclr_w.o)
    0x080051d6   0x00000066   Code   RO          905    .text               c_w.l(sys_io.o)
    0x0800523c   0x0000004e   Code   RO          921    .text               c_w.l(h1_free.o)
    0x0800528a   0x00000046   Code   RO          977    .text               c_w.l(setvbuf.o)
    0x080052d0   0x000000ec   Code   RO          980    .text               c_w.l(fopen.o)
    0x080053bc   0x0000004c   Code   RO          982    .text               c_w.l(fclose.o)
    0x08005408   0x0000000c   Code   RO          988    .text               c_w.l(exit.o)
    0x08005414   0x0000000e   Code   RO          990    .text               c_w.l(defsig_rtred_outer.o)
    0x08005422   0x00000002   Code   RO         1064    .text               c_w.l(use_no_semi.o)
    0x08005424   0x00000000   Code   RO         1066    .text               c_w.l(indicate_semi.o)
    0x08005424   0x00000008   Code   RO         1076    .text               c_w.l(rt_heap_descriptor_intlibspace.o)
    0x0800542c   0x00000004   Code   RO         1078    .text               c_w.l(hguard.o)
    0x08005430   0x0000008a   Code   RO         1080    .text               c_w.l(init_alloc.o)
    0x080054ba   0x0000005e   Code   RO         1086    .text               c_w.l(h1_alloc.o)
    0x08005518   0x000000f8   Code   RO         1100    .text               c_w.l(fseek.o)
    0x08005610   0x000000f0   Code   RO         1102    .text               c_w.l(stdio.o)
    0x08005700   0x0000000a   Code   RO         1104    .text               c_w.l(defsig_exit.o)
    0x0800570a   0x00000002   PAD
    0x0800570c   0x00000034   Code   RO         1110    .text               c_w.l(defsig_rtred_inner.o)
    0x08005740   0x0000003e   Code   RO         1112    .text               c_w.l(strlen.o)
    0x0800577e   0x00000002   PAD
    0x08005780   0x0000000c   Code   RO         1124    .text               c_w.l(sys_exit.o)
    0x0800578c   0x0000000e   Code   RO         1135    .text               c_w.l(h1_init.o)
    0x0800579a   0x00000034   Code   RO         1137    .text               c_w.l(h1_extend.o)
    0x080057ce   0x00000042   Code   RO         1143    .text               c_w.l(ftell.o)
    0x08005810   0x00000032   Code   RO         1147    .text               c_w.l(defsig_general.o)
    0x08005842   0x0000000e   Code   RO         1151    .text               c_w.l(defsig_rtmem_outer.o)
    0x08005850   0x00000050   Code   RO         1155    .text               c_w.l(heapauxa.o)
    0x080058a0   0x0000000e   Code   RO         1166    .text               c_w.l(sys_wrch.o)
    0x080058ae   0x00000002   PAD
    0x080058b0   0x00000050   Code   RO         1174    .text               c_w.l(defsig_rtmem_inner.o)
    0x08005900   0x00000028   Code   RO          845    i.__ARM_fpclassify  m_ws.l(fpclassify.o)
    0x08005928   0x000000aa   Code   RO          847    i.__kernel_poly     m_ws.l(poly.o)
    0x080059d2   0x00000006   Code   RO          832    i.__mathlib_dbl_infnan  m_ws.l(dunder.o)
    0x080059d8   0x00000004   Code   RO          833    i.__mathlib_dbl_infnan2  m_ws.l(dunder.o)
    0x080059dc   0x0000000c   Code   RO          834    i.__mathlib_dbl_invalid  m_ws.l(dunder.o)
    0x080059e8   0x00000010   Code   RO          837    i.__mathlib_dbl_underflow  m_ws.l(dunder.o)
    0x080059f8   0x00000270   Code   RO          767    i.asin              m_ws.l(asin.o)
    0x08005c68   0x00000220   Code   RO          822    i.atan              m_ws.l(atan.o)
    0x08005e88   0x00000180   Code   RO          777    i.atan2             m_ws.l(atan2.o)
    0x08006008   0x0000004c   Code   RO          851    i.sqrt              m_ws.l(sqrt.o)
    0x08006054   0x00000062   Code   RO          722    x$fpl$d2f           fz_ws.l(d2f.o)
    0x080060b6   0x00000002   PAD
    0x080060b8   0x00000150   Code   RO          724    x$fpl$dadd          fz_ws.l(daddsub_clz.o)
    0x08006208   0x00000010   Code   RO          899    x$fpl$dcheck1       fz_ws.l(dcheck1.o)
    0x08006218   0x000002b0   Code   RO          805    x$fpl$ddiv          fz_ws.l(ddiv.o)
    0x080064c8   0x00000154   Code   RO          730    x$fpl$dmul          fz_ws.l(dmul.o)
    0x0800661c   0x0000009c   Code   RO          808    x$fpl$dnaninf       fz_ws.l(dnaninf.o)
    0x080066b8   0x0000000c   Code   RO          810    x$fpl$dretinf       fz_ws.l(dretinf.o)
    0x080066c4   0x00000016   Code   RO          725    x$fpl$drsb          fz_ws.l(daddsub_clz.o)
    0x080066da   0x00000002   PAD
    0x080066dc   0x000001cc   Code   RO          903    x$fpl$dsqrt         fz_ws.l(dsqrt_noumaal.o)
    0x080068a8   0x000001d4   Code   RO          726    x$fpl$dsub          fz_ws.l(daddsub_clz.o)
    0x08006a7c   0x00000056   Code   RO          732    x$fpl$f2d           fz_ws.l(f2d.o)
    0x08006ad2   0x00000002   PAD
    0x08006ad4   0x000000c4   Code   RO          734    x$fpl$fadd          fz_ws.l(faddsub_clz.o)
    0x08006b98   0x00000018   Code   RO          812    x$fpl$fcmpinf       fz_ws.l(fcmpi.o)
    0x08006bb0   0x00000184   Code   RO          741    x$fpl$fdiv          fz_ws.l(fdiv.o)
    0x08006d34   0x00000068   Code   RO          744    x$fpl$feqf          fz_ws.l(feqf.o)
    0x08006d9c   0x00000036   Code   RO          746    x$fpl$ffix          fz_ws.l(ffix.o)
    0x08006dd2   0x00000002   PAD
    0x08006dd4   0x0000003e   Code   RO          750    x$fpl$ffixu         fz_ws.l(ffixu.o)
    0x08006e12   0x00000002   PAD
    0x08006e14   0x00000030   Code   RO          755    x$fpl$fflt          fz_ws.l(fflt_clz.o)
    0x08006e44   0x00000026   Code   RO          754    x$fpl$ffltu         fz_ws.l(fflt_clz.o)
    0x08006e6a   0x00000002   PAD
    0x08006e6c   0x00000068   Code   RO          760    x$fpl$fleqf         fz_ws.l(fleqf.o)
    0x08006ed4   0x00000102   Code   RO          762    x$fpl$fmul          fz_ws.l(fmul.o)
    0x08006fd6   0x0000008c   Code   RO          814    x$fpl$fnaninf       fz_ws.l(fnaninf.o)
    0x08007062   0x0000000a   Code   RO          816    x$fpl$fretinf       fz_ws.l(fretinf.o)
    0x0800706c   0x00000062   Code   RO          764    x$fpl$frleqf        fz_ws.l(frleqf.o)
    0x080070ce   0x00000002   PAD
    0x080070d0   0x000000ea   Code   RO          736    x$fpl$fsub          fz_ws.l(faddsub_clz.o)
    0x080071ba   0x00000064   Code   RO         1062    x$fpl$retnan        fz_ws.l(retnan.o)
    0x0800721e   0x0000005c   Code   RO          818    x$fpl$scalbn        fz_ws.l(scalbn.o)
    0x0800727a   0x00000030   Code   RO         1122    x$fpl$trapveneer    fz_ws.l(trapv.o)
    0x080072aa   0x00000000   Code   RO          820    x$fpl$usenofp       fz_ws.l(usenofp.o)
    0x080072aa   0x00000002   PAD
    0x080072ac   0x00000050   Data   RO          599    .constdata          inv_mpu.o
    0x080072fc   0x00000bf6   Data   RO          624    .constdata          inv_mpu_dmp_motion_driver.o
    0x08007ef2   0x00000006   PAD
    0x08007ef8   0x00000050   Data   RO          768    .constdata          m_ws.l(asin.o)
    0x08007f48   0x00000098   Data   RO          823    .constdata          m_ws.l(atan.o)
    0x08007fe0   0x00000008   Data   RO          849    .constdata          m_ws.l(qnan.o)
    0x08007fe8   0x00000004   Data   RO          906    .constdata          c_w.l(sys_io.o)
    0x08007fec   0x00000004   Data   RO          907    .constdata          c_w.l(sys_io.o)
    0x08007ff0   0x00000004   Data   RO          908    .constdata          c_w.l(sys_io.o)
    0x08007ff4   0x0000004e   Data   RO          600    .conststring        inv_mpu.o
    0x08008042   0x00000002   PAD
    0x08008044   0x00000020   Data   RO         1197    Region$$Table       anon$$obj.o


    Execution Region ER_RW (Base: 0x20000000, Size: 0x000000ac, Max: 0xffffffff, ABSOLUTE)

    Base Addr    Size         Type   Attr      Idx    E Section Name        Object

    0x20000000   0x00000014   Data   RW          173    .data               system_stm32f10x.o
    0x20000014   0x00000004   Data   RW          191    .data               delay.o
    0x20000018   0x00000005   Data   RW          206    .data               uart.o
    0x2000001d   0x00000014   Data   RW          462    .data               stm32f10x_rcc.o
    0x20000031   0x00000003   PAD
    0x20000034   0x0000002c   Data   RW          601    .data               inv_mpu.o
    0x20000060   0x0000003c   Data   RW          639    .data               mpu6050.o
    0x2000009c   0x00000004   Data   RW          797    .data               c_w.l(stdio_streams.o)
    0x200000a0   0x00000004   Data   RW          798    .data               c_w.l(stdio_streams.o)
    0x200000a4   0x00000004   Data   RW          799    .data               c_w.l(stdio_streams.o)
    0x200000a8   0x00000004   Data   RW         1156    .data               c_w.l(heapauxa.o)


    Execution Region ER_ZI (Base: 0x200000ac, Size: 0x000008a4, Max: 0xffffffff, ABSOLUTE)

    Base Addr    Size         Type   Attr      Idx    E Section Name        Object

    0x200000ac   0x00000010   Zero   RW          205    .bss                uart.o
    0x200000bc   0x00000090   Zero   RW          548    .bss                lobotservocontroller.o
    0x2000014c   0x00000010   Zero   RW          623    .bss                inv_mpu_dmp_motion_driver.o
    0x2000015c   0x00000092   Zero   RW          638    .bss                mpu6050.o
    0x200001ee   0x00000002   PAD
    0x200001f0   0x00000054   Zero   RW          794    .bss                c_w.l(stdio_streams.o)
    0x20000244   0x00000054   Zero   RW          795    .bss                c_w.l(stdio_streams.o)
    0x20000298   0x00000054   Zero   RW          796    .bss                c_w.l(stdio_streams.o)
    0x200002ec   0x00000060   Zero   RW          911    .bss                c_w.l(libspace.o)
    0x2000034c   0x00000004   PAD
    0x20000350   0x00000200   Zero   RW          263    HEAP                startup_stm32f10x_hd.o
    0x20000550   0x00000400   Zero   RW          262    STACK               startup_stm32f10x_hd.o

